2026-05-27 14:18:52,681 [INFO] Módulo registrado: AUTH
2026-05-27 14:18:52,682 [INFO] Módulo registrado: DATABASE
2026-05-27 14:18:52,683 [INFO] Módulo registrado: API
2026-05-27 14:18:52,683 [INFO] AUTH iniciado
2026-05-27 14:18:52,684 [INFO] DATABASE iniciado
2026-05-27 14:18:52,685 [INFO] API iniciado
2026-05-27 14:22:07,110 [INFO] Registrado: AUTH
2026-05-27 14:22:07,111 [INFO] Registrado: DATABASE
2026-05-27 14:22:07,112 [INFO] Registrado: API
2026-05-27 14:22:07,112 [INFO] AUTH iniciado
2026-05-27 14:22:07,114 [INFO] DATABASE iniciado
2026-05-27 14:22:07,115 [INFO] API iniciado
2026-05-27 14:24:49,883 [INFO] Listener registrado: login_request
2026-05-27 14:24:49,887 [INFO] Listener registrado: login_success
2026-05-27 14:24:56,887 [INFO] Evento: login_request -> user123
2026-05-27 14:24:56,888 [INFO] Evento: login_success -> {'user': 'user123'}
2026-05-27 14:25:03,890 [INFO] Evento: login_request -> user123
2026-05-27 14:25:03,890 [INFO] Evento: login_success -> {'user': 'user123'}
2026-05-27 14:25:10,892 [INFO] Evento: login_request -> user123
2026-05-27 14:25:10,893 [INFO] Evento: login_success -> {'user': 'user123'}
2026-05-27 14:25:17,895 [INFO] Evento: login_request -> user123
2026-05-27 14:25:17,896 [INFO] Evento: login_success -> {'user': 'user123'}
2026-05-27 14:25:24,897 [INFO] Evento: login_request -> user123
2026-05-27 14:25:24,898 [INFO] Evento: login_success -> {'user': 'user123'}
2026-05-27 14:25:31,900 [INFO] Evento: login_request -> user123
2026-05-27 14:25:31,902 [INFO] Evento: login_success -> {'user': 'user123'}
2026-05-27 14:25:38,904 [INFO] Evento: login_request -> user123
2026-05-27 14:25:38,905 [INFO] Evento: login_success -> {'user': 'user123'}
2026-05-27 14:25:45,907 [INFO] Evento: login_request -> user123
2026-05-27 14:25:45,908 [INFO] Evento: login_success -> {'user': 'user123'}
2026-05-27 14:25:52,909 [INFO] Evento: login_request -> user123
2026-05-27 14:25:52,910 [INFO] Evento: login_success -> {'user': 'user123'}
2026-05-27 14:25:59,912 [INFO] Evento: login_request -> user123
2026-05-27 14:25:59,919 [INFO] Evento: login_success -> {'user': 'user123'}
2026-05-27 14:26:06,926 [INFO] Evento: login_request -> user123
2026-05-27 14:26:06,927 [INFO] Evento: login_success -> {'user': 'user123'}
2026-05-27 14:26:13,929 [INFO] Evento: login_request -> user123
2026-05-27 14:26:13,930 [INFO] Evento: login_success -> {'user': 'user123'}
2026-05-27 14:26:20,931 [INFO] Evento: login_request -> user123
2026-05-27 14:26:20,932 [INFO] Evento: login_success -> {'user': 'user123'}
2026-05-27 14:26:27,950 [INFO] Evento: login_request -> user123
2026-05-27 14:26:27,965 [INFO] Evento: login_success -> {'user': 'user123'}
2026-05-27 14:26:34,968 [INFO] Evento: login_request -> user123
2026-05-27 14:26:34,970 [INFO] Evento: login_success -> {'user': 'user123'}
2026-05-27 14:26:41,973 [INFO] Evento: login_request -> user123
2026-05-27 14:26:41,975 [INFO] Evento: login_success -> {'user': 'user123'}
2026-05-27 14:26:48,978 [INFO] Evento: login_request -> user123
2026-05-27 14:26:48,979 [INFO] Evento: login_success -> {'user': 'user123'}
2026-05-27 14:26:55,981 [INFO] Evento: login_request -> user123
2026-05-27 14:26:55,983 [INFO] Evento: login_success -> {'user': 'user123'}
2026-05-27 14:27:02,986 [INFO] Evento: login_request -> user123
2026-05-27 14:27:02,986 [INFO] Evento: login_success -> {'user': 'user123'}
2026-05-27 14:27:09,988 [INFO] Evento: login_request -> user123
2026-05-27 14:27:09,990 [INFO] Evento: login_success -> {'user': 'user123'}
2026-05-27 14:27:17,007 [INFO] Evento: login_request -> user123
2026-05-27 14:27:17,009 [INFO] Evento: login_success -> {'user': 'user123'}
2026-05-27 14:27:24,011 [INFO] Evento: login_request -> user123
2026-05-27 14:27:24,012 [INFO] Evento: login_success -> {'user': 'user123'}
2026-05-27 14:27:31,014 [INFO] Evento: login_request -> user123
2026-05-27 14:27:31,029 [INFO] Evento: login_success -> {'user': 'user123'}
2026-05-27 14:27:38,032 [INFO] Evento: login_request -> user123
2026-05-27 14:27:38,033 [INFO] Evento: login_success -> {'user': 'user123'}
2026-05-27 14:27:45,036 [INFO] Evento: login_request -> user123
2026-05-27 14:27:45,040 [INFO] Evento: login_success -> {'user': 'user123'}
2026-05-27 14:27:52,041 [INFO] Evento: login_request -> user123
2026-05-27 14:27:52,044 [INFO] Evento: login_success -> {'user': 'user123'}
2026-05-27 14:27:59,049 [INFO] Evento: login_request -> user123
2026-05-27 14:27:59,050 [INFO] Evento: login_success -> {'user': 'user123'}
2026-05-27 14:28:06,053 [INFO] Evento: login_request -> user123
2026-05-27 14:28:06,056 [INFO] Evento: login_success -> {'user': 'user123'}
2026-05-27 14:28:11,000 [INFO] EVENTO login_request -> user123
2026-05-27 14:28:11,001 [INFO] EVENTO login_success -> {'user': 'user123'}
2026-05-27 14:28:13,057 [INFO] Evento: login_request -> user123
2026-05-27 14:28:13,059 [INFO] Evento: login_success -> {'user': 'user123'}
2026-05-27 14:28:19,003 [INFO] EVENTO login_request -> user123
2026-05-27 14:28:20,062 [INFO] Evento: login_request -> user123
2026-05-27 14:28:20,063 [INFO] Evento: login_success -> {'user': 'user123'}
2026-05-27 14:28:27,005 [INFO] EVENTO login_request -> user123
2026-05-27 14:28:27,065 [INFO] Evento: login_request -> user123
2026-05-27 14:28:27,066 [INFO] Evento: login_success -> {'user': 'user123'}
2026-05-27 14:28:34,067 [INFO] Evento: login_request -> user123
2026-05-27 14:28:34,071 [INFO] Evento: login_success -> {'user': 'user123'}
2026-05-27 14:28:35,007 [INFO] EVENTO login_request -> user123
2026-05-27 14:28:41,072 [INFO] Evento: login_request -> user123
2026-05-27 14:28:41,073 [INFO] Evento: login_success -> {'user': 'user123'}
2026-05-27 14:28:43,009 [INFO] EVENTO login_request -> user123
2026-05-27 14:28:48,075 [INFO] Evento: login_request -> user123
2026-05-27 14:28:48,076 [INFO] Evento: login_success -> {'user': 'user123'}
2026-05-27 14:28:51,010 [INFO] EVENTO login_request -> user123
2026-05-27 14:28:55,079 [INFO] Evento: login_request -> user123
2026-05-27 14:28:55,081 [INFO] Evento: login_success -> {'user': 'user123'}
2026-05-27 14:28:59,012 [INFO] EVENTO login_request -> user123
2026-05-27 14:29:02,083 [INFO] Evento: login_request -> user123
2026-05-27 14:29:02,084 [INFO] Evento: login_success -> {'user': 'user123'}
2026-05-27 14:29:07,013 [INFO] EVENTO login_request -> user123
2026-05-27 14:29:09,086 [INFO] Evento: login_request -> user123
2026-05-27 14:29:09,088 [INFO] Evento: login_success -> {'user': 'user123'}
2026-05-27 14:29:15,015 [INFO] EVENTO login_request -> user123
2026-05-27 14:29:16,090 [INFO] Evento: login_request -> user123
2026-05-27 14:29:16,092 [INFO] Evento: login_success -> {'user': 'user123'}
2026-05-27 14:29:23,017 [INFO] EVENTO login_request -> user123
2026-05-27 14:29:23,097 [INFO] Evento: login_request -> user123
2026-05-27 14:29:23,101 [INFO] Evento: login_success -> {'user': 'user123'}
2026-05-27 14:29:30,107 [INFO] Evento: login_request -> user123
2026-05-27 14:29:30,109 [INFO] Evento: login_success -> {'user': 'user123'}
2026-05-27 14:29:37,113 [INFO] Evento: login_request -> user123
2026-05-27 14:29:37,115 [INFO] Evento: login_success -> {'user': 'user123'}
2026-05-27 14:29:44,123 [INFO] Evento: login_request -> user123
2026-05-27 14:29:44,129 [INFO] Evento: login_success -> {'user': 'user123'}
2026-05-27 14:29:51,137 [INFO] Evento: login_request -> user123
2026-05-27 14:29:51,138 [INFO] Evento: login_success -> {'user': 'user123'}
2026-05-27 14:29:58,149 [INFO] Evento: login_request -> user123
2026-05-27 14:29:58,153 [INFO] Evento: login_success -> {'user': 'user123'}
2026-05-27 14:30:05,168 [INFO] Evento: login_request -> user123
2026-05-27 14:30:05,169 [INFO] Evento: login_success -> {'user': 'user123'}
2026-05-27 14:30:12,172 [INFO] Evento: login_request -> user123
2026-05-27 14:30:12,176 [INFO] Evento: login_success -> {'user': 'user123'}
2026-05-27 14:30:19,184 [INFO] Evento: login_request -> user123
2026-05-27 14:30:19,186 [INFO] Evento: login_success -> {'user': 'user123'}
2026-05-27 14:30:26,187 [INFO] Evento: login_request -> user123
2026-05-27 14:30:26,190 [INFO] Evento: login_success -> {'user': 'user123'}
2026-05-27 14:30:33,195 [INFO] Evento: login_request -> user123
2026-05-27 14:30:33,197 [INFO] Evento: login_success -> {'user': 'user123'}
2026-05-27 14:30:40,202 [INFO] Evento: login_request -> user123
2026-05-27 14:30:40,209 [INFO] Evento: login_success -> {'user': 'user123'}
2026-05-27 14:30:47,211 [INFO] Evento: login_request -> user123
2026-05-27 14:30:47,215 [INFO] Evento: login_success -> {'user': 'user123'}
2026-05-27 14:30:54,217 [INFO] Evento: login_request -> user123
2026-05-27 14:30:54,223 [INFO] Evento: login_success -> {'user': 'user123'}
2026-05-27 14:31:01,237 [INFO] Evento: login_request -> user123
2026-05-27 14:31:01,269 [INFO] Evento: login_success -> {'user': 'user123'}
2026-05-27 14:31:08,295 [INFO] Evento: login_request -> user123
2026-05-27 14:31:08,297 [INFO] Evento: login_success -> {'user': 'user123'}
2026-05-27 14:31:15,307 [INFO] Evento: login_request -> user123
2026-05-27 14:31:15,311 [INFO] Evento: login_success -> {'user': 'user123'}
2026-05-27 14:31:22,471 [INFO] Evento: login_request -> user123
2026-05-27 14:31:22,972 [INFO] Evento: login_success -> {'user': 'user123'}
2026-05-27 14:31:30,231 [INFO] Evento: login_request -> user123
2026-05-27 14:31:30,233 [INFO] Evento: login_success -> {'user': 'user123'}
2026-05-27 14:31:37,236 [INFO] Evento: login_request -> user123
2026-05-27 14:31:37,238 [INFO] Evento: login_success -> {'user': 'user123'}
2026-05-27 14:31:44,239 [INFO] Evento: login_request -> user123
2026-05-27 14:31:44,240 [INFO] Evento: login_success -> {'user': 'user123'}
2026-05-27 14:31:44,637 [INFO] Enfileirado: login_request
2026-05-27 14:31:44,644 [INFO] Enfileirado: login_success
2026-05-27 14:31:50,639 [INFO] Enfileirado: login_request
2026-05-27 14:31:51,242 [INFO] Evento: login_request -> user123
2026-05-27 14:31:51,243 [INFO] Evento: login_success -> {'user': 'user123'}
2026-05-27 14:31:56,641 [INFO] Enfileirado: login_request
2026-05-27 14:31:58,245 [INFO] Evento: login_request -> user123
2026-05-27 14:31:58,248 [INFO] Evento: login_success -> {'user': 'user123'}
2026-05-27 14:32:02,642 [INFO] Enfileirado: login_request
2026-05-27 14:32:05,249 [INFO] Evento: login_request -> user123
2026-05-27 14:32:05,250 [INFO] Evento: login_success -> {'user': 'user123'}
2026-05-27 14:32:08,644 [INFO] Enfileirado: login_request
2026-05-27 14:32:12,252 [INFO] Evento: login_request -> user123
2026-05-27 14:32:12,253 [INFO] Evento: login_success -> {'user': 'user123'}
2026-05-27 14:32:14,646 [INFO] Enfileirado: login_request
2026-05-27 14:32:19,255 [INFO] Evento: login_request -> user123
2026-05-27 14:32:19,256 [INFO] Evento: login_success -> {'user': 'user123'}
2026-05-27 14:32:20,648 [INFO] Enfileirado: login_request
2026-05-27 14:32:26,261 [INFO] Evento: login_request -> user123
2026-05-27 14:32:26,262 [INFO] Evento: login_success -> {'user': 'user123'}
2026-05-27 14:32:26,650 [INFO] Enfileirado: login_request
2026-05-27 14:32:32,652 [INFO] Enfileirado: login_request
2026-05-27 14:32:33,265 [INFO] Evento: login_request -> user123
2026-05-27 14:32:33,266 [INFO] Evento: login_success -> {'user': 'user123'}
2026-05-27 14:32:38,657 [INFO] Enfileirado: login_request
2026-05-27 14:32:40,270 [INFO] Evento: login_request -> user123
2026-05-27 14:32:40,274 [INFO] Evento: login_success -> {'user': 'user123'}
2026-05-27 14:32:44,662 [INFO] Enfileirado: login_request
2026-05-27 14:32:47,276 [INFO] Evento: login_request -> user123
2026-05-27 14:32:47,278 [INFO] Evento: login_success -> {'user': 'user123'}
2026-05-27 14:32:50,664 [INFO] Enfileirado: login_request
2026-05-27 14:32:54,336 [INFO] Evento: login_request -> user123
2026-05-27 14:32:54,339 [INFO] Evento: login_success -> {'user': 'user123'}
2026-05-27 14:32:56,675 [INFO] Enfileirado: login_request
2026-05-27 14:33:01,341 [INFO] Evento: login_request -> user123
2026-05-27 14:33:01,342 [INFO] Evento: login_success -> {'user': 'user123'}
2026-05-27 14:33:02,677 [INFO] Enfileirado: login_request
2026-05-27 14:33:08,344 [INFO] Evento: login_request -> user123
2026-05-27 14:33:08,346 [INFO] Evento: login_success -> {'user': 'user123'}
2026-05-27 14:33:08,679 [INFO] Enfileirado: login_request
2026-05-27 14:33:14,681 [INFO] Enfileirado: login_request
2026-05-27 14:33:15,348 [INFO] Evento: login_request -> user123
2026-05-27 14:33:15,351 [INFO] Evento: login_success -> {'user': 'user123'}
2026-05-27 14:33:20,682 [INFO] Enfileirado: login_request
2026-05-27 14:33:22,352 [INFO] Evento: login_request -> user123
2026-05-27 14:33:22,353 [INFO] Evento: login_success -> {'user': 'user123'}
2026-05-27 14:33:26,683 [INFO] Enfileirado: login_request
2026-05-27 14:33:29,355 [INFO] Evento: login_request -> user123
2026-05-27 14:33:29,363 [INFO] Evento: login_success -> {'user': 'user123'}
2026-05-27 14:33:32,684 [INFO] Enfileirado: login_request
2026-05-27 14:33:36,368 [INFO] Evento: login_request -> user123
2026-05-27 14:33:36,370 [INFO] Evento: login_success -> {'user': 'user123'}
2026-05-27 14:33:38,697 [INFO] Enfileirado: login_request
2026-05-27 14:33:43,371 [INFO] Evento: login_request -> user123
2026-05-27 14:33:43,372 [INFO] Evento: login_success -> {'user': 'user123'}
2026-05-27 14:33:44,700 [INFO] Enfileirado: login_request
2026-05-27 14:33:50,375 [INFO] Evento: login_request -> user123
2026-05-27 14:33:50,380 [INFO] Evento: login_success -> {'user': 'user123'}
2026-05-27 14:33:50,702 [INFO] Enfileirado: login_request
2026-05-27 14:33:56,709 [INFO] Enfileirado: login_request
2026-05-27 14:33:57,389 [INFO] Evento: login_request -> user123
2026-05-27 14:33:57,406 [INFO] Evento: login_success -> {'user': 'user123'}
2026-05-27 14:34:02,711 [INFO] Enfileirado: login_request
2026-05-27 14:34:04,409 [INFO] Evento: login_request -> user123
2026-05-27 14:34:04,414 [INFO] Evento: login_success -> {'user': 'user123'}
2026-05-27 14:34:08,715 [INFO] Enfileirado: login_request
2026-05-27 14:34:11,420 [INFO] Evento: login_request -> user123
2026-05-27 14:34:11,424 [INFO] Evento: login_success -> {'user': 'user123'}
2026-05-27 14:34:14,718 [INFO] Enfileirado: login_request
2026-05-27 14:34:18,429 [INFO] Evento: login_request -> user123
2026-05-27 14:34:18,431 [INFO] Evento: login_success -> {'user': 'user123'}
2026-05-27 14:34:20,720 [INFO] Enfileirado: login_request
2026-05-27 14:34:25,435 [INFO] Evento: login_request -> user123
2026-05-27 14:34:25,440 [INFO] Evento: login_success -> {'user': 'user123'}
2026-05-27 14:34:26,722 [INFO] Enfileirado: login_request
2026-05-27 14:34:32,449 [INFO] Evento: login_request -> user123
2026-05-27 14:34:32,450 [INFO] Evento: login_success -> {'user': 'user123'}
2026-05-27 14:34:32,723 [INFO] Enfileirado: login_request
2026-05-27 14:34:38,724 [INFO] Enfileirado: login_request
2026-05-27 14:34:39,489 [INFO] Evento: login_request -> user123
2026-05-27 14:34:39,564 [INFO] Evento: login_success -> {'user': 'user123'}
2026-05-27 14:34:44,726 [INFO] Enfileirado: login_request
2026-05-27 14:34:46,566 [INFO] Evento: login_request -> user123
2026-05-27 14:34:46,568 [INFO] Evento: login_success -> {'user': 'user123'}
2026-05-27 14:34:50,739 [INFO] Enfileirado: login_request
2026-05-27 14:34:53,569 [INFO] Evento: login_request -> user123
2026-05-27 14:34:53,579 [INFO] Evento: login_success -> {'user': 'user123'}
2026-05-27 14:34:56,741 [INFO] Enfileirado: login_request
2026-05-27 14:35:00,583 [INFO] Evento: login_request -> user123
2026-05-27 14:35:00,584 [INFO] Evento: login_success -> {'user': 'user123'}
2026-05-27 14:35:02,742 [INFO] Enfileirado: login_request
2026-05-27 14:35:05,551 [INFO] ENFILEIRADO: login_request
2026-05-27 14:35:05,656 [INFO] ENFILEIRADO: login_success
2026-05-27 14:35:07,554 [INFO] ENFILEIRADO: login_request
2026-05-27 14:35:07,588 [INFO] Evento: login_request -> user123
2026-05-27 14:35:07,589 [INFO] Evento: login_success -> {'user': 'user123'}
2026-05-27 14:35:08,744 [INFO] Enfileirado: login_request
2026-05-27 14:35:09,586 [INFO] ENFILEIRADO: login_request
2026-05-27 14:35:11,588 [INFO] ENFILEIRADO: login_request
2026-05-27 14:35:13,590 [INFO] ENFILEIRADO: login_request
2026-05-27 14:35:14,591 [INFO] Evento: login_request -> user123
2026-05-27 14:35:14,592 [INFO] Evento: login_success -> {'user': 'user123'}
2026-05-27 14:35:14,745 [INFO] Enfileirado: login_request
2026-05-27 14:35:15,591 [INFO] ENFILEIRADO: login_request
2026-05-27 14:35:17,593 [INFO] ENFILEIRADO: login_request
2026-05-27 14:35:19,594 [INFO] ENFILEIRADO: login_request
2026-05-27 14:35:20,747 [INFO] Enfileirado: login_request
2026-05-27 14:35:21,594 [INFO] Evento: login_request -> user123
2026-05-27 14:35:21,595 [INFO] Evento: login_success -> {'user': 'user123'}
2026-05-27 14:35:21,597 [INFO] ENFILEIRADO: login_request
2026-05-27 14:35:23,599 [INFO] ENFILEIRADO: login_request
2026-05-27 14:35:25,600 [INFO] ENFILEIRADO: login_request
2026-05-27 14:35:26,748 [INFO] Enfileirado: login_request
2026-05-27 14:35:27,602 [INFO] ENFILEIRADO: login_request
2026-05-27 14:35:28,599 [INFO] Evento: login_request -> user123
2026-05-27 14:35:28,599 [INFO] Evento: login_success -> {'user': 'user123'}
2026-05-27 14:35:29,604 [INFO] ENFILEIRADO: login_request
2026-05-27 14:35:31,607 [INFO] ENFILEIRADO: login_request
2026-05-27 14:35:32,749 [INFO] Enfileirado: login_request
2026-05-27 14:35:33,607 [INFO] ENFILEIRADO: login_request
2026-05-27 14:35:35,602 [INFO] Evento: login_request -> user123
2026-05-27 14:35:35,603 [INFO] Evento: login_success -> {'user': 'user123'}
2026-05-27 14:35:35,609 [INFO] ENFILEIRADO: login_request
2026-05-27 14:35:37,610 [INFO] ENFILEIRADO: login_request
2026-05-27 14:35:38,751 [INFO] Enfileirado: login_request
2026-05-27 14:35:39,612 [INFO] ENFILEIRADO: login_request
2026-05-27 14:35:41,614 [INFO] ENFILEIRADO: login_request
2026-05-27 14:35:42,605 [INFO] Evento: login_request -> user123
2026-05-27 14:35:42,606 [INFO] Evento: login_success -> {'user': 'user123'}
2026-05-27 14:35:43,617 [INFO] ENFILEIRADO: login_request
2026-05-27 14:35:44,752 [INFO] Enfileirado: login_request
2026-05-27 14:35:45,621 [INFO] ENFILEIRADO: login_request
2026-05-27 14:35:47,622 [INFO] ENFILEIRADO: login_request
2026-05-27 14:35:49,608 [INFO] Evento: login_request -> user123
2026-05-27 14:35:49,609 [INFO] Evento: login_success -> {'user': 'user123'}
2026-05-27 14:35:49,624 [INFO] ENFILEIRADO: login_request
2026-05-27 14:35:50,754 [INFO] Enfileirado: login_request
2026-05-27 14:35:51,625 [INFO] ENFILEIRADO: login_request
2026-05-27 14:35:53,633 [INFO] ENFILEIRADO: login_request
2026-05-27 14:35:55,639 [INFO] ENFILEIRADO: login_request
2026-05-27 14:35:56,610 [INFO] Evento: login_request -> user123
2026-05-27 14:35:56,612 [INFO] Evento: login_success -> {'user': 'user123'}
2026-05-27 14:35:56,756 [INFO] Enfileirado: login_request
2026-05-27 14:35:57,648 [INFO] ENFILEIRADO: login_request
2026-05-27 14:35:59,655 [INFO] ENFILEIRADO: login_request
2026-05-27 14:36:01,658 [INFO] ENFILEIRADO: login_request
2026-05-27 14:36:02,759 [INFO] Enfileirado: login_request
2026-05-27 14:36:03,619 [INFO] Evento: login_request -> user123
2026-05-27 14:36:03,627 [INFO] Evento: login_success -> {'user': 'user123'}
2026-05-27 14:36:03,661 [INFO] ENFILEIRADO: login_request
2026-05-27 14:36:05,663 [INFO] ENFILEIRADO: login_request
2026-05-27 14:36:07,665 [INFO] ENFILEIRADO: login_request
2026-05-27 14:36:08,761 [INFO] Enfileirado: login_request
2026-05-27 14:36:09,667 [INFO] ENFILEIRADO: login_request
2026-05-27 14:36:10,630 [INFO] Evento: login_request -> user123
2026-05-27 14:36:10,630 [INFO] Evento: login_success -> {'user': 'user123'}
2026-05-27 14:36:11,669 [INFO] ENFILEIRADO: login_request
2026-05-27 14:36:13,670 [INFO] ENFILEIRADO: login_request
2026-05-27 14:36:14,762 [INFO] Enfileirado: login_request
2026-05-27 14:36:15,671 [INFO] ENFILEIRADO: login_request
2026-05-27 14:36:17,633 [INFO] Evento: login_request -> user123
2026-05-27 14:36:17,634 [INFO] Evento: login_success -> {'user': 'user123'}
2026-05-27 14:36:17,672 [INFO] ENFILEIRADO: login_request
2026-05-27 14:36:19,675 [INFO] ENFILEIRADO: login_request
2026-05-27 14:36:20,788 [INFO] Enfileirado: login_request
2026-05-27 14:36:21,689 [INFO] ENFILEIRADO: login_request
2026-05-27 14:36:23,690 [INFO] ENFILEIRADO: login_request
2026-05-27 14:36:24,636 [INFO] Evento: login_request -> user123
2026-05-27 14:36:24,641 [INFO] Evento: login_success -> {'user': 'user123'}
2026-05-27 14:36:25,697 [INFO] ENFILEIRADO: login_request
2026-05-27 14:36:26,790 [INFO] Enfileirado: login_request
2026-05-27 14:36:27,698 [INFO] ENFILEIRADO: login_request
2026-05-27 14:36:29,700 [INFO] ENFILEIRADO: login_request
2026-05-27 14:36:31,645 [INFO] Evento: login_request -> user123
2026-05-27 14:36:31,645 [INFO] Evento: login_success -> {'user': 'user123'}
2026-05-27 14:36:31,701 [INFO] ENFILEIRADO: login_request
2026-05-27 14:36:32,792 [INFO] Enfileirado: login_request
2026-05-27 14:36:33,704 [INFO] ENFILEIRADO: login_request
2026-05-27 14:36:35,707 [INFO] ENFILEIRADO: login_request
2026-05-27 14:36:37,708 [INFO] ENFILEIRADO: login_request
2026-05-27 14:36:38,648 [INFO] Evento: login_request -> user123
2026-05-27 14:36:38,650 [INFO] Evento: login_success -> {'user': 'user123'}
2026-05-27 14:36:38,793 [INFO] Enfileirado: login_request
2026-05-27 14:36:39,711 [INFO] ENFILEIRADO: login_request
2026-05-27 14:36:41,719 [INFO] ENFILEIRADO: login_request
2026-05-27 14:36:43,720 [INFO] ENFILEIRADO: login_request
2026-05-27 14:36:44,795 [INFO] Enfileirado: login_request
2026-05-27 14:36:45,652 [INFO] Evento: login_request -> user123
2026-05-27 14:36:45,653 [INFO] Evento: login_success -> {'user': 'user123'}
2026-05-27 14:36:45,721 [INFO] ENFILEIRADO: login_request
2026-05-27 14:36:47,723 [INFO] ENFILEIRADO: login_request
2026-05-27 14:36:49,724 [INFO] ENFILEIRADO: login_request
2026-05-27 14:36:50,797 [INFO] Enfileirado: login_request
2026-05-27 14:36:51,727 [INFO] ENFILEIRADO: login_request
2026-05-27 14:36:52,654 [INFO] Evento: login_request -> user123
2026-05-27 14:36:52,661 [INFO] Evento: login_success -> {'user': 'user123'}
2026-05-27 14:36:53,736 [INFO] ENFILEIRADO: login_request
2026-05-27 14:36:55,737 [INFO] ENFILEIRADO: login_request
2026-05-27 14:36:56,798 [INFO] Enfileirado: login_request
2026-05-27 14:36:57,739 [INFO] ENFILEIRADO: login_request
2026-05-27 14:36:59,662 [INFO] Evento: login_request -> user123
2026-05-27 14:36:59,665 [INFO] Evento: login_success -> {'user': 'user123'}
2026-05-27 14:36:59,751 [INFO] ENFILEIRADO: login_request
2026-05-27 14:37:01,754 [INFO] ENFILEIRADO: login_request
2026-05-27 14:37:02,799 [INFO] Enfileirado: login_request
2026-05-27 14:37:03,755 [INFO] ENFILEIRADO: login_request
2026-05-27 14:37:05,771 [INFO] ENFILEIRADO: login_request
2026-05-27 14:37:06,673 [INFO] Evento: login_request -> user123
2026-05-27 14:37:06,675 [INFO] Evento: login_success -> {'user': 'user123'}
2026-05-27 14:37:07,775 [INFO] ENFILEIRADO: login_request
2026-05-27 14:37:08,801 [INFO] Enfileirado: login_request
2026-05-27 14:37:09,779 [INFO] ENFILEIRADO: login_request
2026-05-27 14:37:11,784 [INFO] ENFILEIRADO: login_request
2026-05-27 14:37:13,677 [INFO] Evento: login_request -> user123
2026-05-27 14:37:13,678 [INFO] Evento: login_success -> {'user': 'user123'}
2026-05-27 14:37:13,786 [INFO] ENFILEIRADO: login_request
2026-05-27 14:37:14,805 [INFO] Enfileirado: login_request
2026-05-27 14:37:15,788 [INFO] ENFILEIRADO: login_request
2026-05-27 14:37:17,789 [INFO] ENFILEIRADO: login_request
2026-05-27 14:37:19,790 [INFO] ENFILEIRADO: login_request
2026-05-27 14:37:20,687 [INFO] Evento: login_request -> user123
2026-05-27 14:37:20,690 [INFO] Evento: login_success -> {'user': 'user123'}
2026-05-27 14:37:20,808 [INFO] Enfileirado: login_request
2026-05-27 14:37:21,794 [INFO] ENFILEIRADO: login_request
2026-05-27 14:37:23,799 [INFO] ENFILEIRADO: login_request
2026-05-27 14:37:25,801 [INFO] ENFILEIRADO: login_request
2026-05-27 14:37:26,827 [INFO] Enfileirado: login_request
2026-05-27 14:37:27,705 [INFO] Evento: login_request -> user123
2026-05-27 14:37:27,721 [INFO] Evento: login_success -> {'user': 'user123'}
2026-05-27 14:37:27,804 [INFO] ENFILEIRADO: login_request
2026-05-27 14:37:29,854 [INFO] ENFILEIRADO: login_request
2026-05-27 14:37:31,855 [INFO] ENFILEIRADO: login_request
2026-05-27 14:37:32,830 [INFO] Enfileirado: login_request
2026-05-27 14:37:33,881 [INFO] ENFILEIRADO: login_request
2026-05-27 14:37:34,736 [INFO] Evento: login_request -> user123
2026-05-27 14:37:34,737 [INFO] Evento: login_success -> {'user': 'user123'}
2026-05-27 14:37:35,883 [INFO] ENFILEIRADO: login_request
2026-05-27 14:37:37,885 [INFO] ENFILEIRADO: login_request
2026-05-27 14:37:39,400 [INFO] Enfileirado: login_request
2026-05-27 14:37:39,890 [INFO] ENFILEIRADO: login_request
2026-05-27 14:37:41,742 [INFO] Evento: login_request -> user123
2026-05-27 14:37:41,743 [INFO] Evento: login_success -> {'user': 'user123'}
2026-05-27 14:37:41,896 [INFO] ENFILEIRADO: login_request
2026-05-27 14:37:43,897 [INFO] ENFILEIRADO: login_request
2026-05-27 14:37:45,417 [INFO] Enfileirado: login_request
2026-05-27 14:37:45,904 [INFO] ENFILEIRADO: login_request
2026-05-27 14:37:47,906 [INFO] ENFILEIRADO: login_request
2026-05-27 14:37:48,747 [INFO] Evento: login_request -> user123
2026-05-27 14:37:48,748 [INFO] Evento: login_success -> {'user': 'user123'}
2026-05-27 14:37:49,908 [INFO] ENFILEIRADO: login_request
2026-05-27 14:37:51,421 [INFO] Enfileirado: login_request
2026-05-27 14:37:51,909 [INFO] ENFILEIRADO: login_request
2026-05-27 14:37:53,914 [INFO] ENFILEIRADO: login_request
2026-05-27 14:37:55,886 [INFO] Evento: login_request -> user123
2026-05-27 14:37:56,104 [INFO] ENFILEIRADO: login_request
2026-05-27 14:37:56,180 [INFO] Evento: login_success -> {'user': 'user123'}
2026-05-27 14:37:58,273 [INFO] Enfileirado: login_request
2026-05-27 14:37:58,299 [INFO] ENFILEIRADO: login_request
2026-05-27 14:38:00,854 [INFO] ENFILEIRADO: login_request
2026-05-27 14:38:02,857 [INFO] ENFILEIRADO: login_request
2026-05-27 14:38:03,317 [INFO] Evento: login_request -> user123
2026-05-27 14:38:03,371 [INFO] Evento: login_success -> {'user': 'user123'}
2026-05-27 14:38:04,382 [INFO] Enfileirado: login_request
2026-05-27 14:38:04,920 [INFO] ENFILEIRADO: login_request
2026-05-27 14:38:06,922 [INFO] ENFILEIRADO: login_request
2026-05-27 14:38:08,929 [INFO] ENFILEIRADO: login_request
2026-05-27 14:38:10,383 [INFO] Enfileirado: login_request
2026-05-27 14:38:10,446 [INFO] Evento: login_request -> user123
2026-05-27 14:38:10,447 [INFO] Evento: login_success -> {'user': 'user123'}
2026-05-27 14:38:10,931 [INFO] ENFILEIRADO: login_request
2026-05-27 14:38:12,935 [INFO] ENFILEIRADO: login_request
2026-05-27 14:38:14,938 [INFO] ENFILEIRADO: login_request
2026-05-27 14:38:16,384 [INFO] Enfileirado: login_request
2026-05-27 14:38:16,939 [INFO] ENFILEIRADO: login_request
2026-05-27 14:38:17,451 [INFO] Evento: login_request -> user123
2026-05-27 14:38:17,452 [INFO] Evento: login_success -> {'user': 'user123'}
2026-05-27 14:38:18,943 [INFO] ENFILEIRADO: login_request
2026-05-27 14:38:20,945 [INFO] ENFILEIRADO: login_request
2026-05-27 14:38:22,385 [INFO] Enfileirado: login_request
2026-05-27 14:38:22,946 [INFO] ENFILEIRADO: login_request
2026-05-27 14:38:24,455 [INFO] Evento: login_request -> user123
2026-05-27 14:38:24,456 [INFO] Evento: login_success -> {'user': 'user123'}
2026-05-27 14:38:24,948 [INFO] ENFILEIRADO: login_request
2026-05-27 14:38:26,950 [INFO] ENFILEIRADO: login_request
2026-05-27 14:38:28,387 [INFO] Enfileirado: login_request
2026-05-27 14:38:28,951 [INFO] ENFILEIRADO: login_request
2026-05-27 14:38:30,952 [INFO] ENFILEIRADO: login_request
2026-05-27 14:38:31,457 [INFO] Evento: login_request -> user123
2026-05-27 14:38:31,458 [INFO] Evento: login_success -> {'user': 'user123'}
2026-05-27 14:38:32,953 [INFO] ENFILEIRADO: login_request
2026-05-27 14:38:34,388 [INFO] Enfileirado: login_request
2026-05-27 14:38:34,955 [INFO] ENFILEIRADO: login_request
2026-05-27 14:38:36,956 [INFO] ENFILEIRADO: login_request
2026-05-27 14:38:38,461 [INFO] Evento: login_request -> user123
2026-05-27 14:38:38,462 [INFO] Evento: login_success -> {'user': 'user123'}
2026-05-27 14:38:38,959 [INFO] ENFILEIRADO: login_request
2026-05-27 14:38:40,390 [INFO] Enfileirado: login_request
2026-05-27 14:38:40,960 [INFO] ENFILEIRADO: login_request
2026-05-27 14:38:42,961 [INFO] ENFILEIRADO: login_request
2026-05-27 14:38:44,963 [INFO] ENFILEIRADO: login_request
2026-05-27 14:38:45,464 [INFO] Evento: login_request -> user123
2026-05-27 14:38:45,465 [INFO] Evento: login_success -> {'user': 'user123'}
2026-05-27 14:38:46,391 [INFO] Enfileirado: login_request
2026-05-27 14:38:46,965 [INFO] ENFILEIRADO: login_request
2026-05-27 14:38:48,966 [INFO] ENFILEIRADO: login_request
2026-05-27 14:38:50,967 [INFO] ENFILEIRADO: login_request
2026-05-27 14:38:52,392 [INFO] Enfileirado: login_request
2026-05-27 14:38:52,468 [INFO] Evento: login_request -> user123
2026-05-27 14:38:52,469 [INFO] Evento: login_success -> {'user': 'user123'}
2026-05-27 14:38:52,969 [INFO] ENFILEIRADO: login_request
2026-05-27 14:38:54,970 [INFO] ENFILEIRADO: login_request
2026-05-27 14:38:56,971 [INFO] ENFILEIRADO: login_request
2026-05-27 14:38:58,393 [INFO] Enfileirado: login_request
2026-05-27 14:38:58,973 [INFO] ENFILEIRADO: login_request
2026-05-27 14:38:59,471 [INFO] Evento: login_request -> user123
2026-05-27 14:38:59,472 [INFO] Evento: login_success -> {'user': 'user123'}
2026-05-27 14:39:00,976 [INFO] ENFILEIRADO: login_request
2026-05-27 14:39:02,977 [INFO] ENFILEIRADO: login_request
2026-05-27 14:39:04,395 [INFO] Enfileirado: login_request
2026-05-27 14:39:04,979 [INFO] ENFILEIRADO: login_request
2026-05-27 14:39:06,475 [INFO] Evento: login_request -> user123
2026-05-27 14:39:06,477 [INFO] Evento: login_success -> {'user': 'user123'}
2026-05-27 14:39:06,980 [INFO] ENFILEIRADO: login_request
2026-05-27 14:39:08,982 [INFO] ENFILEIRADO: login_request
2026-05-27 14:39:10,396 [INFO] Enfileirado: login_request
2026-05-27 14:39:10,983 [INFO] ENFILEIRADO: login_request
2026-05-27 14:39:12,984 [INFO] ENFILEIRADO: login_request
2026-05-27 14:39:13,478 [INFO] Evento: login_request -> user123
2026-05-27 14:39:13,479 [INFO] Evento: login_success -> {'user': 'user123'}
2026-05-27 14:39:14,986 [INFO] ENFILEIRADO: login_request
2026-05-27 14:39:16,398 [INFO] Enfileirado: login_request
2026-05-27 14:39:16,991 [INFO] ENFILEIRADO: login_request
2026-05-27 14:39:18,994 [INFO] ENFILEIRADO: login_request
2026-05-27 14:39:20,482 [INFO] Evento: login_request -> user123
2026-05-27 14:39:20,483 [INFO] Evento: login_success -> {'user': 'user123'}
2026-05-27 14:39:20,998 [INFO] ENFILEIRADO: login_request
2026-05-27 14:39:22,400 [INFO] Enfileirado: login_request
2026-05-27 14:39:22,999 [INFO] ENFILEIRADO: login_request
2026-05-27 14:39:25,001 [INFO] ENFILEIRADO: login_request
2026-05-27 14:39:27,003 [INFO] ENFILEIRADO: login_request
2026-05-27 14:39:27,486 [INFO] Evento: login_request -> user123
2026-05-27 14:39:27,487 [INFO] Evento: login_success -> {'user': 'user123'}
2026-05-27 14:39:28,402 [INFO] Enfileirado: login_request
2026-05-27 14:39:29,016 [INFO] ENFILEIRADO: login_request
2026-05-27 14:39:31,053 [INFO] ENFILEIRADO: login_request
2026-05-27 14:39:33,062 [INFO] ENFILEIRADO: login_request
2026-05-27 14:39:34,402 [INFO] Enfileirado: login_request
2026-05-27 14:39:34,491 [INFO] Evento: login_request -> user123
2026-05-27 14:39:34,496 [INFO] Evento: login_success -> {'user': 'user123'}
2026-05-27 14:39:35,064 [INFO] ENFILEIRADO: login_request
2026-05-27 14:39:37,068 [INFO] ENFILEIRADO: login_request
2026-05-27 14:39:39,070 [INFO] ENFILEIRADO: login_request
2026-05-27 14:39:40,405 [INFO] Enfileirado: login_request
2026-05-27 14:39:41,071 [INFO] ENFILEIRADO: login_request
2026-05-27 14:39:41,500 [INFO] Evento: login_request -> user123
2026-05-27 14:39:41,502 [INFO] Evento: login_success -> {'user': 'user123'}
2026-05-27 14:39:43,073 [INFO] ENFILEIRADO: login_request
2026-05-27 14:39:45,074 [INFO] ENFILEIRADO: login_request
2026-05-27 14:39:46,406 [INFO] Enfileirado: login_request
2026-05-27 14:39:47,076 [INFO] ENFILEIRADO: login_request
2026-05-27 14:39:48,505 [INFO] Evento: login_request -> user123
2026-05-27 14:39:48,506 [INFO] Evento: login_success -> {'user': 'user123'}
2026-05-27 14:39:49,077 [INFO] ENFILEIRADO: login_request
2026-05-27 14:39:51,079 [INFO] ENFILEIRADO: login_request
2026-05-27 14:39:52,408 [INFO] Enfileirado: login_request
2026-05-27 14:39:53,081 [INFO] ENFILEIRADO: login_request
2026-05-27 14:39:55,082 [INFO] ENFILEIRADO: login_request
2026-05-27 14:39:55,508 [INFO] Evento: login_request -> user123
2026-05-27 14:39:55,508 [INFO] Evento: login_success -> {'user': 'user123'}
2026-05-27 14:39:57,084 [INFO] ENFILEIRADO: login_request
2026-05-27 14:39:58,410 [INFO] Enfileirado: login_request
2026-05-27 14:39:59,087 [INFO] ENFILEIRADO: login_request
2026-05-27 14:40:01,092 [INFO] ENFILEIRADO: login_request
2026-05-27 14:40:02,523 [INFO] Evento: login_request -> user123
2026-05-27 14:40:02,525 [INFO] Evento: login_success -> {'user': 'user123'}
2026-05-27 14:40:03,092 [INFO] ENFILEIRADO: login_request
2026-05-27 14:40:04,411 [INFO] Enfileirado: login_request
2026-05-27 14:40:05,094 [INFO] ENFILEIRADO: login_request
2026-05-27 14:40:07,095 [INFO] ENFILEIRADO: login_request
2026-05-27 14:40:09,194 [INFO] ENFILEIRADO: login_request
2026-05-27 14:40:09,532 [INFO] Evento: login_request -> user123
2026-05-27 14:40:09,549 [INFO] Evento: login_success -> {'user': 'user123'}
2026-05-27 14:40:10,413 [INFO] Enfileirado: login_request
2026-05-27 14:40:11,195 [INFO] ENFILEIRADO: login_request
2026-05-27 14:40:13,198 [INFO] ENFILEIRADO: login_request
2026-05-27 14:40:15,200 [INFO] ENFILEIRADO: login_request
2026-05-27 14:40:16,414 [INFO] Enfileirado: login_request
2026-05-27 14:40:16,560 [INFO] Evento: login_request -> user123
2026-05-27 14:40:16,565 [INFO] Evento: login_success -> {'user': 'user123'}
2026-05-27 14:40:17,202 [INFO] ENFILEIRADO: login_request
2026-05-27 14:40:19,213 [INFO] ENFILEIRADO: login_request
2026-05-27 14:40:21,227 [INFO] ENFILEIRADO: login_request
2026-05-27 14:40:22,416 [INFO] Enfileirado: login_request
2026-05-27 14:40:23,229 [INFO] ENFILEIRADO: login_request
2026-05-27 14:40:23,579 [INFO] Evento: login_request -> user123
2026-05-27 14:40:23,583 [INFO] Evento: login_success -> {'user': 'user123'}
2026-05-27 14:40:25,231 [INFO] ENFILEIRADO: login_request
2026-05-27 14:40:27,231 [INFO] ENFILEIRADO: login_request
2026-05-27 14:40:28,421 [INFO] Enfileirado: login_request
2026-05-27 14:40:29,233 [INFO] ENFILEIRADO: login_request
2026-05-27 14:40:30,585 [INFO] Evento: login_request -> user123
2026-05-27 14:40:30,589 [INFO] Evento: login_success -> {'user': 'user123'}
2026-05-27 14:40:31,234 [INFO] ENFILEIRADO: login_request
2026-05-27 14:40:33,236 [INFO] ENFILEIRADO: login_request
2026-05-27 14:40:34,423 [INFO] Enfileirado: login_request
2026-05-27 14:40:35,237 [INFO] ENFILEIRADO: login_request
2026-05-27 14:40:37,241 [INFO] ENFILEIRADO: login_request
2026-05-27 14:40:37,610 [INFO] Evento: login_request -> user123
2026-05-27 14:40:37,614 [INFO] Evento: login_success -> {'user': 'user123'}
2026-05-27 14:40:39,242 [INFO] ENFILEIRADO: login_request
2026-05-27 14:40:40,424 [INFO] Enfileirado: login_request
2026-05-27 14:40:41,243 [INFO] ENFILEIRADO: login_request
2026-05-27 14:40:43,244 [INFO] ENFILEIRADO: login_request
2026-05-27 14:40:44,618 [INFO] Evento: login_request -> user123
2026-05-27 14:40:44,621 [INFO] Evento: login_success -> {'user': 'user123'}
2026-05-27 14:40:45,245 [INFO] ENFILEIRADO: login_request
2026-05-27 14:40:46,427 [INFO] Enfileirado: login_request
2026-05-27 14:40:47,247 [INFO] ENFILEIRADO: login_request
2026-05-27 14:40:49,248 [INFO] ENFILEIRADO: login_request
2026-05-27 14:40:51,252 [INFO] ENFILEIRADO: login_request
2026-05-27 14:40:51,625 [INFO] Evento: login_request -> user123
2026-05-27 14:40:51,640 [INFO] Evento: login_success -> {'user': 'user123'}
2026-05-27 14:40:52,430 [INFO] Enfileirado: login_request
2026-05-27 14:40:53,254 [INFO] ENFILEIRADO: login_request
2026-05-27 14:40:55,258 [INFO] ENFILEIRADO: login_request
2026-05-27 14:40:57,263 [INFO] ENFILEIRADO: login_request
2026-05-27 14:40:58,436 [INFO] Enfileirado: login_request
2026-05-27 14:40:58,649 [INFO] Evento: login_request -> user123
2026-05-27 14:40:58,651 [INFO] Evento: login_success -> {'user': 'user123'}
2026-05-27 14:40:59,265 [INFO] ENFILEIRADO: login_request
2026-05-27 14:41:01,267 [INFO] ENFILEIRADO: login_request
2026-05-27 14:41:03,270 [INFO] ENFILEIRADO: login_request
2026-05-27 14:41:04,437 [INFO] Enfileirado: login_request
2026-05-27 14:41:05,299 [INFO] ENFILEIRADO: login_request
2026-05-27 14:41:05,654 [INFO] Evento: login_request -> user123
2026-05-27 14:41:05,693 [INFO] Evento: login_success -> {'user': 'user123'}
2026-05-27 14:41:07,311 [INFO] ENFILEIRADO: login_request
2026-05-27 14:41:09,313 [INFO] ENFILEIRADO: login_request
2026-05-27 14:41:10,439 [INFO] Enfileirado: login_request
2026-05-27 14:41:11,317 [INFO] ENFILEIRADO: login_request
2026-05-27 14:41:12,747 [INFO] Evento: login_request -> user123
2026-05-27 14:41:12,749 [INFO] Evento: login_success -> {'user': 'user123'}
2026-05-27 14:41:13,905 [INFO] ENFILEIRADO: login_request
2026-05-27 14:41:15,906 [INFO] ENFILEIRADO: login_request
2026-05-27 14:41:16,440 [INFO] Enfileirado: login_request
2026-05-27 14:41:17,908 [INFO] ENFILEIRADO: login_request
2026-05-27 14:41:19,752 [INFO] Evento: login_request -> user123
2026-05-27 14:41:19,757 [INFO] Evento: login_success -> {'user': 'user123'}
2026-05-27 14:41:19,910 [INFO] ENFILEIRADO: login_request
2026-05-27 14:41:21,911 [INFO] ENFILEIRADO: login_request
2026-05-27 14:41:22,442 [INFO] Enfileirado: login_request
2026-05-27 14:41:23,912 [INFO] ENFILEIRADO: login_request
2026-05-27 14:41:25,913 [INFO] ENFILEIRADO: login_request
2026-05-27 14:41:26,763 [INFO] Evento: login_request -> user123
2026-05-27 14:41:26,768 [INFO] Evento: login_success -> {'user': 'user123'}
2026-05-27 14:41:27,915 [INFO] ENFILEIRADO: login_request
2026-05-27 14:41:28,444 [INFO] Enfileirado: login_request
2026-05-27 14:41:29,922 [INFO] ENFILEIRADO: login_request
2026-05-27 14:41:31,924 [INFO] ENFILEIRADO: login_request
2026-05-27 14:41:33,771 [INFO] Evento: login_request -> user123
2026-05-27 14:41:33,772 [INFO] Evento: login_success -> {'user': 'user123'}
2026-05-27 14:41:33,930 [INFO] ENFILEIRADO: login_request
2026-05-27 14:41:34,445 [INFO] Enfileirado: login_request
2026-05-27 14:41:35,932 [INFO] ENFILEIRADO: login_request
2026-05-27 14:41:37,932 [INFO] ENFILEIRADO: login_request
2026-05-27 14:41:39,956 [INFO] ENFILEIRADO: login_request
2026-05-27 14:41:40,526 [INFO] Enfileirado: login_request
2026-05-27 14:41:40,783 [INFO] Evento: login_request -> user123
2026-05-27 14:41:40,804 [INFO] Evento: login_success -> {'user': 'user123'}
2026-05-27 14:41:41,962 [INFO] ENFILEIRADO: login_request
2026-05-27 14:41:43,966 [INFO] ENFILEIRADO: login_request
2026-05-27 14:41:45,968 [INFO] ENFILEIRADO: login_request
2026-05-27 14:41:46,574 [INFO] Enfileirado: login_request
2026-05-27 14:41:47,806 [INFO] Evento: login_request -> user123
2026-05-27 14:41:47,807 [INFO] Evento: login_success -> {'user': 'user123'}
2026-05-27 14:41:47,969 [INFO] ENFILEIRADO: login_request
2026-05-27 14:41:49,970 [INFO] ENFILEIRADO: login_request
2026-05-27 14:41:51,972 [INFO] ENFILEIRADO: login_request
2026-05-27 14:41:52,575 [INFO] Enfileirado: login_request
2026-05-27 14:41:53,973 [INFO] ENFILEIRADO: login_request
2026-05-27 14:41:54,811 [INFO] Evento: login_request -> user123
2026-05-27 14:41:54,813 [INFO] Evento: login_success -> {'user': 'user123'}
2026-05-27 14:41:55,975 [INFO] ENFILEIRADO: login_request
2026-05-27 14:41:57,977 [INFO] ENFILEIRADO: login_request
2026-05-27 14:41:58,577 [INFO] Enfileirado: login_request
2026-05-27 14:41:59,978 [INFO] ENFILEIRADO: login_request
2026-05-27 14:42:01,816 [INFO] Evento: login_request -> user123
2026-05-27 14:42:01,816 [INFO] Evento: login_success -> {'user': 'user123'}
2026-05-27 14:42:01,980 [INFO] ENFILEIRADO: login_request
2026-05-27 14:42:03,982 [INFO] ENFILEIRADO: login_request
2026-05-27 14:42:04,578 [INFO] Enfileirado: login_request
2026-05-27 14:42:05,984 [INFO] ENFILEIRADO: login_request
2026-05-27 14:42:07,985 [INFO] ENFILEIRADO: login_request
2026-05-27 14:42:08,819 [INFO] Evento: login_request -> user123
2026-05-27 14:42:08,820 [INFO] Evento: login_success -> {'user': 'user123'}
2026-05-27 14:42:09,986 [INFO] ENFILEIRADO: login_request
2026-05-27 14:42:10,580 [INFO] Enfileirado: login_request
2026-05-27 14:42:11,988 [INFO] ENFILEIRADO: login_request
2026-05-27 14:42:13,989 [INFO] ENFILEIRADO: login_request
2026-05-27 14:42:15,822 [INFO] Evento: login_request -> user123
2026-05-27 14:42:15,823 [INFO] Evento: login_success -> {'user': 'user123'}
2026-05-27 14:42:15,991 [INFO] ENFILEIRADO: login_request
2026-05-27 14:42:16,605 [INFO] Enfileirado: login_request
2026-05-27 14:42:17,993 [INFO] ENFILEIRADO: login_request
2026-05-27 14:42:19,994 [INFO] ENFILEIRADO: login_request
2026-05-27 14:42:21,996 [INFO] ENFILEIRADO: login_request
2026-05-27 14:42:22,606 [INFO] Enfileirado: login_request
2026-05-27 14:42:22,828 [INFO] Evento: login_request -> user123
2026-05-27 14:42:22,833 [INFO] Evento: login_success -> {'user': 'user123'}
2026-05-27 14:42:24,000 [INFO] ENFILEIRADO: login_request
2026-05-27 14:42:26,006 [INFO] ENFILEIRADO: login_request
2026-05-27 14:42:28,012 [INFO] ENFILEIRADO: login_request
2026-05-27 14:42:28,609 [INFO] Enfileirado: login_request
2026-05-27 14:42:29,841 [INFO] Evento: login_request -> user123
2026-05-27 14:42:29,843 [INFO] Evento: login_success -> {'user': 'user123'}
2026-05-27 14:42:30,016 [INFO] ENFILEIRADO: login_request
2026-05-27 14:42:32,020 [INFO] ENFILEIRADO: login_request
2026-05-27 14:42:34,021 [INFO] ENFILEIRADO: login_request
2026-05-27 14:42:34,612 [INFO] Enfileirado: login_request
2026-05-27 14:42:36,024 [INFO] ENFILEIRADO: login_request
2026-05-27 14:42:36,849 [INFO] Evento: login_request -> user123
2026-05-27 14:42:36,885 [INFO] Evento: login_success -> {'user': 'user123'}
2026-05-27 14:42:38,026 [INFO] ENFILEIRADO: login_request
2026-05-27 14:42:40,031 [INFO] ENFILEIRADO: login_request
2026-05-27 14:42:40,613 [INFO] Enfileirado: login_request
2026-05-27 14:42:42,032 [INFO] ENFILEIRADO: login_request
2026-05-27 14:42:43,898 [INFO] Evento: login_request -> user123
2026-05-27 14:42:43,899 [INFO] Evento: login_success -> {'user': 'user123'}
2026-05-27 14:42:44,033 [INFO] ENFILEIRADO: login_request
2026-05-27 14:42:46,062 [INFO] ENFILEIRADO: login_request
2026-05-27 14:42:46,614 [INFO] Enfileirado: login_request
2026-05-27 14:42:48,075 [INFO] ENFILEIRADO: login_request
2026-05-27 14:42:50,075 [INFO] ENFILEIRADO: login_request
2026-05-27 14:42:50,903 [INFO] Evento: login_request -> user123
2026-05-27 14:42:50,905 [INFO] Evento: login_success -> {'user': 'user123'}
2026-05-27 14:42:52,078 [INFO] ENFILEIRADO: login_request
2026-05-27 14:42:52,616 [INFO] Enfileirado: login_request
2026-05-27 14:42:54,080 [INFO] ENFILEIRADO: login_request
2026-05-27 14:42:56,091 [INFO] ENFILEIRADO: login_request
2026-05-27 14:42:57,906 [INFO] Evento: login_request -> user123
2026-05-27 14:42:57,908 [INFO] Evento: login_success -> {'user': 'user123'}
2026-05-27 14:42:58,092 [INFO] ENFILEIRADO: login_request
2026-05-27 14:42:58,617 [INFO] Enfileirado: login_request
2026-05-27 14:43:00,094 [INFO] ENFILEIRADO: login_request
2026-05-27 14:43:02,096 [INFO] ENFILEIRADO: login_request
2026-05-27 14:43:04,098 [INFO] ENFILEIRADO: login_request
2026-05-27 14:43:04,619 [INFO] Enfileirado: login_request
2026-05-27 14:43:04,912 [INFO] Evento: login_request -> user123
2026-05-27 14:43:04,913 [INFO] Evento: login_success -> {'user': 'user123'}
2026-05-27 14:43:06,100 [INFO] ENFILEIRADO: login_request
2026-05-27 14:43:08,101 [INFO] ENFILEIRADO: login_request
2026-05-27 14:43:10,104 [INFO] ENFILEIRADO: login_request
2026-05-27 14:43:10,620 [INFO] Enfileirado: login_request
2026-05-27 14:43:11,915 [INFO] Evento: login_request -> user123
2026-05-27 14:43:11,916 [INFO] Evento: login_success -> {'user': 'user123'}
2026-05-27 14:43:12,105 [INFO] ENFILEIRADO: login_request
2026-05-27 14:43:14,108 [INFO] ENFILEIRADO: login_request
2026-05-27 14:43:16,110 [INFO] ENFILEIRADO: login_request
2026-05-27 14:43:16,622 [INFO] Enfileirado: login_request
2026-05-27 14:43:18,114 [INFO] ENFILEIRADO: login_request
2026-05-27 14:43:18,918 [INFO] Evento: login_request -> user123
2026-05-27 14:43:18,919 [INFO] Evento: login_success -> {'user': 'user123'}
2026-05-27 14:43:20,128 [INFO] ENFILEIRADO: login_request
2026-05-27 14:43:22,172 [INFO] ENFILEIRADO: login_request
2026-05-27 14:43:22,623 [INFO] Enfileirado: login_request
2026-05-27 14:43:24,175 [INFO] ENFILEIRADO: login_request
2026-05-27 14:43:25,921 [INFO] Evento: login_request -> user123
2026-05-27 14:43:25,925 [INFO] Evento: login_success -> {'user': 'user123'}
2026-05-27 14:43:26,176 [INFO] ENFILEIRADO: login_request
2026-05-27 14:43:28,178 [INFO] ENFILEIRADO: login_request
2026-05-27 14:43:28,625 [INFO] Enfileirado: login_request
2026-05-27 14:43:30,180 [INFO] ENFILEIRADO: login_request
2026-05-27 14:43:32,182 [INFO] ENFILEIRADO: login_request
2026-05-27 14:43:32,926 [INFO] Evento: login_request -> user123
2026-05-27 14:43:32,927 [INFO] Evento: login_success -> {'user': 'user123'}
2026-05-27 14:43:34,183 [INFO] ENFILEIRADO: login_request
2026-05-27 14:43:34,627 [INFO] Enfileirado: login_request
2026-05-27 14:43:36,185 [INFO] ENFILEIRADO: login_request
2026-05-27 14:43:38,187 [INFO] ENFILEIRADO: login_request
2026-05-27 14:43:39,930 [INFO] Evento: login_request -> user123
2026-05-27 14:43:39,937 [INFO] Evento: login_success -> {'user': 'user123'}
2026-05-27 14:43:40,189 [INFO] ENFILEIRADO: login_request
2026-05-27 14:43:40,628 [INFO] Enfileirado: login_request
2026-05-27 14:43:42,196 [INFO] ENFILEIRADO: login_request
2026-05-27 14:43:44,198 [INFO] ENFILEIRADO: login_request
2026-05-27 14:43:46,210 [INFO] ENFILEIRADO: login_request
2026-05-27 14:43:46,630 [INFO] Enfileirado: login_request
2026-05-27 14:43:46,942 [INFO] Evento: login_request -> user123
2026-05-27 14:43:46,944 [INFO] Evento: login_success -> {'user': 'user123'}
2026-05-27 14:43:48,213 [INFO] ENFILEIRADO: login_request
2026-05-27 14:43:50,220 [INFO] ENFILEIRADO: login_request
2026-05-27 14:43:52,222 [INFO] ENFILEIRADO: login_request
2026-05-27 14:43:52,634 [INFO] Enfileirado: login_request
2026-05-27 14:43:53,950 [INFO] Evento: login_request -> user123
2026-05-27 14:43:53,952 [INFO] Evento: login_success -> {'user': 'user123'}
2026-05-27 14:43:54,225 [INFO] ENFILEIRADO: login_request
2026-05-27 14:43:56,235 [INFO] ENFILEIRADO: login_request
2026-05-27 14:43:58,236 [INFO] ENFILEIRADO: login_request
2026-05-27 14:43:58,635 [INFO] Enfileirado: login_request
2026-05-27 14:44:00,238 [INFO] ENFILEIRADO: login_request
2026-05-27 14:44:00,956 [INFO] Evento: login_request -> user123
2026-05-27 14:44:00,957 [INFO] Evento: login_success -> {'user': 'user123'}
2026-05-27 14:44:02,239 [INFO] ENFILEIRADO: login_request
2026-05-27 14:44:04,240 [INFO] ENFILEIRADO: login_request
2026-05-27 14:44:04,638 [INFO] Enfileirado: login_request
2026-05-27 14:44:06,269 [INFO] ENFILEIRADO: login_request
2026-05-27 14:44:07,980 [INFO] Evento: login_request -> user123
2026-05-27 14:44:08,046 [INFO] Evento: login_success -> {'user': 'user123'}
2026-05-27 14:44:08,273 [INFO] ENFILEIRADO: login_request
2026-05-27 14:44:10,274 [INFO] ENFILEIRADO: login_request
2026-05-27 14:44:10,638 [INFO] Enfileirado: login_request
2026-05-27 14:44:12,276 [INFO] ENFILEIRADO: login_request
2026-05-27 14:44:14,721 [INFO] ENFILEIRADO: login_request
2026-05-27 14:44:15,081 [INFO] Evento: login_request -> user123
2026-05-27 14:44:15,084 [INFO] Evento: login_success -> {'user': 'user123'}
2026-05-27 14:44:16,640 [INFO] Enfileirado: login_request
2026-05-27 14:44:16,723 [INFO] ENFILEIRADO: login_request
2026-05-27 14:44:18,724 [INFO] ENFILEIRADO: login_request
2026-05-27 14:44:20,727 [INFO] ENFILEIRADO: login_request
2026-05-27 14:44:22,089 [INFO] Evento: login_request -> user123
2026-05-27 14:44:22,090 [INFO] Evento: login_success -> {'user': 'user123'}
2026-05-27 14:44:22,642 [INFO] Enfileirado: login_request
2026-05-27 14:44:22,729 [INFO] ENFILEIRADO: login_request
2026-05-27 14:44:24,785 [INFO] ENFILEIRADO: login_request
2026-05-27 14:44:26,786 [INFO] ENFILEIRADO: login_request
2026-05-27 14:44:28,645 [INFO] Enfileirado: login_request
2026-05-27 14:44:28,788 [INFO] ENFILEIRADO: login_request
2026-05-27 14:44:29,119 [INFO] Evento: login_request -> user123
2026-05-27 14:44:29,139 [INFO] Evento: login_success -> {'user': 'user123'}
2026-05-27 14:44:30,790 [INFO] ENFILEIRADO: login_request
2026-05-27 14:44:32,792 [INFO] ENFILEIRADO: login_request
2026-05-27 14:44:34,646 [INFO] Enfileirado: login_request
2026-05-27 14:44:34,793 [INFO] ENFILEIRADO: login_request
2026-05-27 14:44:36,153 [INFO] Evento: login_request -> user123
2026-05-27 14:44:36,199 [INFO] Evento: login_success -> {'user': 'user123'}
2026-05-27 14:44:36,796 [INFO] ENFILEIRADO: login_request
2026-05-27 14:44:38,797 [INFO] ENFILEIRADO: login_request
2026-05-27 14:44:40,648 [INFO] Enfileirado: login_request
2026-05-27 14:44:40,799 [INFO] ENFILEIRADO: login_request
2026-05-27 14:44:42,801 [INFO] ENFILEIRADO: login_request
2026-05-27 14:44:43,240 [INFO] Evento: login_request -> user123
2026-05-27 14:44:43,241 [INFO] Evento: login_success -> {'user': 'user123'}
2026-05-27 14:44:44,803 [INFO] ENFILEIRADO: login_request
2026-05-27 14:44:46,650 [INFO] Enfileirado: login_request
2026-05-27 14:44:46,805 [INFO] ENFILEIRADO: login_request
2026-05-27 14:44:48,806 [INFO] ENFILEIRADO: login_request
2026-05-27 14:44:50,242 [INFO] Evento: login_request -> user123
2026-05-27 14:44:50,243 [INFO] Evento: login_success -> {'user': 'user123'}
2026-05-27 14:44:50,808 [INFO] ENFILEIRADO: login_request
2026-05-27 14:44:52,652 [INFO] Enfileirado: login_request
2026-05-27 14:44:52,812 [INFO] ENFILEIRADO: login_request
2026-05-27 14:44:54,813 [INFO] ENFILEIRADO: login_request
2026-05-27 14:44:56,814 [INFO] ENFILEIRADO: login_request
2026-05-27 14:44:57,245 [INFO] Evento: login_request -> user123
2026-05-27 14:44:57,246 [INFO] Evento: login_success -> {'user': 'user123'}
2026-05-27 14:44:58,653 [INFO] Enfileirado: login_request
