C:\Users\Bruno Lopes\AppData\Roaming\Python\Python311\site-packages\requests\__init__.py:113: RequestsDependencyWarning: urllib3 (2.6.3) or chardet (7.4.3)/charset_normalizer (3.4.4) doesn't match a supported version!
  warnings.warn(
WARNING: This is a development server. Do not use it in a production deployment. Use a production WSGI server instead.
 * Running on http://127.0.0.1:5001
Press CTRL+C to quit
127.0.0.1 - - [01/Jul/2026 21:35:02] "GET /health HTTP/1.1" 200 -
[2026-07-01 21:35:03,821] ERROR in app: Exception on /criar-pagamento [GET]
Traceback (most recent call last):
  File "C:\Users\Bruno Lopes\AppData\Roaming\Python\Python311\site-packages\flask\app.py", line 1473, in wsgi_app
    response = self.full_dispatch_request()
               ^^^^^^^^^^^^^^^^^^^^^^^^^^^^
  File "C:\Users\Bruno Lopes\AppData\Roaming\Python\Python311\site-packages\flask\app.py", line 882, in full_dispatch_request
    rv = self.handle_user_exception(e)
         ^^^^^^^^^^^^^^^^^^^^^^^^^^^^^
  File "C:\Users\Bruno Lopes\AppData\Roaming\Python\Python311\site-packages\flask\app.py", line 880, in full_dispatch_request
    rv = self.dispatch_request()
         ^^^^^^^^^^^^^^^^^^^^^^^
  File "C:\Users\Bruno Lopes\AppData\Roaming\Python\Python311\site-packages\flask\app.py", line 865, in dispatch_request
    return self.ensure_sync(self.view_functions[rule.endpoint])(**view_args)  # type: ignore[no-any-return]
           ^^^^^^^^^^^^^^^^^^^^^^^^^^^^^^^^^^^^^^^^^^^^^^^^^^^^^^^^^^^^^^^^^
  File "C:\IOTEC\paypal_server.py", line 102, in criar_pagamento
    token = get_access_token()
            ^^^^^^^^^^^^^^^^^^
  File "C:\IOTEC\paypal_server.py", line 93, in get_access_token
    return response.json()["access_token"]
           ~~~~~~~~~~~~~~~^^^^^^^^^^^^^^^^
KeyError: 'access_token'
127.0.0.1 - - [01/Jul/2026 21:35:03] "GET /criar-pagamento HTTP/1.1" 500 -
