2026-06-26 06:22:40,024 | INFO | Builder iniciado.
2026-06-26 06:22:40,025 | INFO | Escaneando módulos.
2026-06-26 06:22:40,034 | INFO | Inicializando banco.
2026-06-26 06:22:40,047 | INFO | Executando validação.
2026-06-26 06:22:40,049 | INFO | Compilando plataforma.
2026-06-26 06:22:40,049 | INFO | Gerando relatório.
2026-06-26 06:22:40,050 | INFO | Build concluído.
2026-06-26 06:27:31,734 | INFO | Builder iniciado.
2026-06-26 06:27:31,734 | INFO | Escaneando módulos.
2026-06-26 06:27:31,739 | INFO | Inicializando banco.
2026-06-26 06:27:31,743 | INFO | Executando validação.
2026-06-26 06:27:31,745 | INFO | Compilando plataforma.
2026-06-26 06:27:31,747 | INFO | Gerando relatório.
2026-06-26 06:27:31,747 | INFO | Build concluído.
2026-06-26 06:28:33,938 | INFO | Builder iniciado.
2026-06-26 06:28:33,938 | INFO | Carregando configuracao.
2026-06-26 06:28:33,974 | INFO | Escaneando modulos.
2026-06-26 06:28:33,980 | INFO | Inicializando banco.
2026-06-26 06:28:33,983 | INFO | Executando validacao.
2026-06-26 06:28:33,985 | INFO | Compilando plataforma.
2026-06-26 06:28:33,985 | INFO | Gerando relatorio.
2026-06-26 06:28:33,986 | INFO | Build concluido.
2026-06-26 06:30:44,812 | INFO | Builder iniciado.
2026-06-26 06:30:44,987 | INFO | Build concluido.
2026-06-26 06:33:24,677 | INFO | Builder iniciado.
2026-06-26 06:33:25,504 | INFO | Build concluido.
2026-06-26 06:37:01,659 | INFO | Builder iniciado.
2026-06-26 06:37:01,790 | INFO | Build concluido.
2026-06-26 06:38:52,658 | INFO | Builder iniciado.
2026-06-26 06:38:52,797 | INFO | Build concluido.
2026-06-26 06:43:32,542 | INFO | Builder iniciado.
2026-06-26 06:43:32,716 | INFO | Build concluido.
2026-06-26 06:46:28,705 | INFO | Builder iniciado.
2026-06-26 06:46:29,549 | INFO | Build concluido.
2026-06-26 06:50:01,584 | INFO | Builder iniciado.
2026-06-26 06:50:04,558 | INFO | Build concluido.
2026-06-26 06:52:55,211 | INFO | Builder iniciado.
2026-06-26 06:52:55,610 | INFO | Build concluido.
2026-06-26 06:55:55,980 | INFO | Builder iniciado.
2026-06-26 06:55:56,372 | INFO | Build concluido.
2026-06-26 07:05:23,174 | INFO | Builder iniciado.
2026-06-26 07:05:23,704 | INFO | Build concluido.
2026-06-26 07:08:00,371 | INFO | Builder iniciado.
2026-06-26 07:08:00,770 | INFO | Build concluido.
