[2026-05-30 17:53:34] VERIFICANDO DEPENDÊNCIAS...
[2026-05-30 17:53:35] INSTALANDO: flask
[2026-05-30 17:54:51] INSTALANDO: flask-socketio
[2026-05-30 17:55:09] INSTALANDO: eventlet
[2026-05-30 17:55:29] INSTALANDO: requests
[2026-05-30 17:55:32] TESTANDO FLASK_SOCKETIO...
[2026-05-30 17:55:48] AGENTE ATIVADO: VIDEO_INTERFACE_AGENT
[2026-05-30 17:55:48] AGENTE ATIVADO: IMAGE_INTERFACE_AGENT
[2026-05-30 17:55:48] AGENTE ATIVADO: VISUAL_REPAIR_AGENT
[2026-05-30 17:55:48] AGENTE ATIVADO: SIGNAL_ALIGNMENT_AGENT
[2026-05-30 17:55:49] AGENTE ATIVADO: PROGRAMMING_AGENT
[2026-05-30 17:55:49] AGENTE ATIVADO: ADVERTISEMENT_AGENT
[2026-05-30 17:55:49] AGENTE ATIVADO: PRODUCT_SHOWCASE_AGENT
[2026-05-30 17:55:49] AGENTE ATIVADO: LIVE_ROTATION_AGENT
[2026-05-30 17:55:49] AGENTE ATIVADO: OBSERVABILITY_MEDIA_AGENT
[2026-05-30 17:55:49] INICIANDO CALIBRAÇÃO DE FREQUÊNCIA...
[2026-05-30 17:55:50] ESCANEANDO INTERFACES...
[2026-05-30 17:58:04] CANALIZANDO SINAIS PARA TORRE...
[2026-05-30 17:58:04] TESTANDO TORRE CENTRAL...
[2026-05-30 17:58:14] TORRE AINDA NÃO RESPONDE.
[2026-05-30 17:58:16] EXECUTANDO ENGINE REALTIME...
[2026-05-30 18:02:52] SIGNAL FREQUENCY ENGINE FINALIZADO.
