[2026-04-18T09:54:27] [PASS] score=0.9400
[2026-04-18T09:54:36] [RETURN] miner retornou ao núcleo visível.
[2026-04-18T09:54:36] [PASS] score=0.9367
[2026-04-18T09:54:37] [RETURN] corporate retornou ao núcleo visível.
[2026-04-18T09:54:37] [PASS] score=0.9133
[2026-04-18T09:54:37] [RETURN] visual retornou ao núcleo visível.
[2026-04-18T09:54:37] [PASS] score=0.9600
[2026-04-18T09:54:37] [RETURN] integration retornou ao núcleo visível.
[2026-04-18T09:54:37] [PASS] score=0.9600
[2026-04-18T09:54:37] [RETURN] validation retornou ao núcleo visível.
[2026-04-18T09:54:37] [PASS] score=0.9100
[2026-04-18T09:54:37] [RETURN] telemetry retornou ao núcleo visível.
[2026-04-18T10:25:38] [PASS] score=0.9400
[2026-04-18T10:25:42] [RETURN] miner retornou ao núcleo visível.
[2026-04-18T10:25:42] [PASS] score=0.9367
[2026-04-18T10:25:42] [RETURN] corporate retornou ao núcleo visível.
[2026-04-18T10:25:42] [PASS] score=0.9133
[2026-04-18T10:25:42] [RETURN] visual retornou ao núcleo visível.
[2026-04-18T10:25:42] [PASS] score=0.9600
[2026-04-18T10:25:42] [RETURN] integration retornou ao núcleo visível.
[2026-04-18T10:25:42] [PASS] score=0.9600
[2026-04-18T10:25:42] [RETURN] validation retornou ao núcleo visível.
[2026-04-18T10:25:42] [PASS] score=0.9100
[2026-04-18T10:25:42] [RETURN] telemetry retornou ao núcleo visível.
