[2026-05-30 17:16:42] INICIANDO CURADORIA VISUAL...
[2026-05-30 17:17:10] REPAIR: mapa.html
[2026-05-30 17:17:11] REPAIR: mapa_interior.html
[2026-05-30 17:17:13] REPAIR: contato.html
[2026-05-30 17:17:14] REPAIR: index.html
[2026-05-30 17:17:15] REPAIR: index.html
[2026-05-30 17:17:15] REPAIR: IOTEC BL — Construtora de Inovações e Tecnologia.html
[2026-05-30 17:17:15] REPAIR: IOTEC BL — Construtora e Distribuidora de Inovação e Tecnologia.html
[2026-05-30 17:17:18] REPAIR: api-error-handling.html
[2026-05-30 17:17:18] REPAIR: api-index.html
[2026-05-30 17:17:18] REPAIR: api-merge.html
[2026-05-30 17:17:18] REPAIR: api-parse-options.html
[2026-05-30 17:17:18] REPAIR: api-path-walk.html
[2026-05-30 17:17:19] REPAIR: api-simple-ipc.html
[2026-05-30 17:17:19] REPAIR: api-trace2.html
[2026-05-30 17:17:20] REPAIR: base_8h.html
[2026-05-30 17:17:20] REPAIR: bcj_8h.html
[2026-05-30 17:17:20] REPAIR: bitmap-format.html
[2026-05-30 17:17:20] REPAIR: block_8h.html
[2026-05-30 17:17:21] REPAIR: BreakingChanges.html
[2026-05-30 17:17:21] REPAIR: build-systems.html
[2026-05-30 17:17:21] REPAIR: bundle-uri.html
[2026-05-30 17:25:13] REPAIR: button.html
[2026-05-30 17:25:30] REPAIR: check_8h.html
[2026-05-30 17:25:40] REPAIR: cockpit_nucleo.html
[2026-05-30 17:25:42] REPAIR: commit-graph.html
[2026-05-30 17:25:44] APPROVED: container_8h.html
[2026-05-30 17:25:45] REPAIR: coordinate-embargoed-releases.html
[2026-05-30 17:25:46] REPAIR: DecisionMaking.html
[2026-05-30 17:25:49] REPAIR: directory-rename-detection.html
[2026-05-30 17:25:52] REPAIR: doxygen_crawl.html
[2026-05-30 17:25:53] REPAIR: everyday.html
[2026-05-30 17:25:54] REPAIR: filter_8h.html
[2026-05-30 17:25:57] REPAIR: git-add.html
[2026-05-30 17:25:57] REPAIR: git-am.html
[2026-05-30 17:25:57] REPAIR: git-annotate.html
[2026-05-30 17:25:58] REPAIR: git-apply.html
[2026-05-30 17:25:58] REPAIR: git-archive.html
[2026-05-30 17:25:58] REPAIR: git-backfill.html
[2026-05-30 17:25:59] REPAIR: git-bash.html
[2026-05-30 17:25:59] REPAIR: git-bisect-lk2009.html
[2026-05-30 17:25:59] REPAIR: git-bisect.html
[2026-05-30 17:26:00] REPAIR: git-blame.html
[2026-05-30 17:26:00] REPAIR: git-branch.html
[2026-05-30 17:26:00] REPAIR: git-bugreport.html
[2026-05-30 17:26:00] REPAIR: git-bundle.html
[2026-05-30 17:26:01] REPAIR: git-cat-file.html
[2026-05-30 17:26:01] REPAIR: git-check-attr.html
[2026-05-30 17:26:01] REPAIR: git-check-ignore.html
[2026-05-30 17:26:02] APPROVED: git-check-mailmap.html
[2026-05-30 17:26:02] REPAIR: git-check-ref-format.html
[2026-05-30 17:26:02] REPAIR: git-checkout-index.html
[2026-05-30 17:26:02] REPAIR: git-checkout.html
[2026-05-30 17:26:02] REPAIR: git-cherry-pick.html
[2026-05-30 17:26:03] REPAIR: git-cherry.html
[2026-05-30 17:26:03] REPAIR: git-citool.html
[2026-05-30 17:26:03] REPAIR: git-clean.html
[2026-05-30 17:26:03] REPAIR: git-clone.html
[2026-05-30 17:26:03] REPAIR: git-column.html
[2026-05-30 17:26:03] REPAIR: git-commit-graph.html
[2026-05-30 17:26:03] REPAIR: git-commit-tree.html
[2026-05-30 17:26:03] REPAIR: git-commit.html
[2026-05-30 17:26:06] REPAIR: git-config.html
[2026-05-30 17:26:06] REPAIR: git-count-objects.html
[2026-05-30 17:26:07] REPAIR: git-credential-cache--daemon.html
[2026-05-30 17:26:07] REPAIR: git-credential-cache.html
[2026-05-30 17:26:09] REPAIR: git-credential-store.html
[2026-05-30 17:26:09] REPAIR: git-credential.html
[2026-05-30 17:26:09] REPAIR: git-daemon.html
[2026-05-30 17:26:10] REPAIR: git-describe.html
[2026-05-30 17:26:10] REPAIR: git-diagnose.html
[2026-05-30 17:26:10] REPAIR: git-diff-files.html
[2026-05-30 17:26:10] REPAIR: git-diff-index.html
[2026-05-30 17:26:10] APPROVED: git-diff-pairs.html
[2026-05-30 17:26:10] REPAIR: git-diff-tree.html
[2026-05-30 17:26:10] REPAIR: git-diff.html
[2026-05-30 17:26:11] REPAIR: git-difftool.html
[2026-05-30 17:26:11] REPAIR: git-fast-export.html
[2026-05-30 17:26:11] REPAIR: git-fast-import.html
[2026-05-30 17:26:11] REPAIR: git-fetch-pack.html
[2026-05-30 17:26:11] REPAIR: git-fetch.html
[2026-05-30 17:26:12] REPAIR: git-filter-branch.html
[2026-05-30 17:26:12] REPAIR: git-fmt-merge-msg.html
[2026-05-30 17:26:12] REPAIR: git-for-each-ref.html
[2026-05-30 17:26:12] REPAIR: git-for-each-repo.html
[2026-05-30 17:26:13] REPAIR: git-format-patch.html
[2026-05-30 17:26:13] REPAIR: git-fsck-objects.html
[2026-05-30 17:26:13] REPAIR: git-fsck.html
[2026-05-30 17:26:13] REPAIR: git-fsmonitor--daemon.html
[2026-05-30 17:26:13] REPAIR: git-gc.html
[2026-05-30 17:26:14] REPAIR: git-get-tar-commit-id.html
[2026-05-30 17:26:14] REPAIR: git-grep.html
[2026-05-30 17:26:14] REPAIR: git-gui.html
[2026-05-30 17:26:14] REPAIR: git-hash-object.html
[2026-05-30 17:26:14] REPAIR: git-help.html
[2026-05-30 17:26:14] REPAIR: git-hook.html
[2026-05-30 17:26:14] REPAIR: git-http-backend.html
[2026-05-30 17:26:14] REPAIR: git-http-fetch.html
[2026-05-30 17:26:15] REPAIR: git-http-push.html
[2026-05-30 17:26:15] REPAIR: git-imap-send.html
[2026-05-30 17:26:15] REPAIR: git-index-pack.html
[2026-05-30 17:26:15] REPAIR: git-init-db.html
[2026-05-30 17:26:16] REPAIR: git-init.html
[2026-05-30 17:26:16] REPAIR: git-instaweb.html
[2026-05-30 17:26:16] APPROVED: git-interpret-trailers.html
[2026-05-30 17:26:16] REPAIR: git-last-modified.html
[2026-05-30 17:26:17] REPAIR: git-lfs-checkout.html
[2026-05-30 17:26:17] REPAIR: git-lfs-clean.html
[2026-05-30 17:26:17] REPAIR: git-lfs-clone.html
[2026-05-30 17:26:17] REPAIR: git-lfs-completion.html
[2026-05-30 17:26:17] REPAIR: git-lfs-dedup.html
[2026-05-30 17:26:17] REPAIR: git-lfs-env.html
[2026-05-30 17:26:17] REPAIR: git-lfs-ext.html
[2026-05-30 17:26:18] REPAIR: git-lfs-fetch.html
[2026-05-30 17:26:18] REPAIR: git-lfs-filter-process.html
[2026-05-30 17:26:18] REPAIR: git-lfs-fsck.html
[2026-05-30 17:26:18] REPAIR: git-lfs-install.html
[2026-05-30 17:26:18] REPAIR: git-lfs-lock.html
[2026-05-30 17:26:18] REPAIR: git-lfs-locks.html
[2026-05-30 17:26:18] REPAIR: git-lfs-logs.html
[2026-05-30 17:26:18] REPAIR: git-lfs-ls-files.html
[2026-05-30 17:26:18] REPAIR: git-lfs-merge-driver.html
[2026-05-30 17:26:18] REPAIR: git-lfs-migrate.html
[2026-05-30 17:26:18] REPAIR: git-lfs-pointer.html
[2026-05-30 17:26:18] REPAIR: git-lfs-post-checkout.html
[2026-05-30 17:26:19] REPAIR: git-lfs-post-commit.html
[2026-05-30 17:26:19] REPAIR: git-lfs-post-merge.html
[2026-05-30 17:26:19] REPAIR: git-lfs-pre-push.html
[2026-05-30 17:26:19] REPAIR: git-lfs-prune.html
[2026-05-30 17:26:19] REPAIR: git-lfs-pull.html
[2026-05-30 17:26:19] REPAIR: git-lfs-push.html
[2026-05-30 17:26:19] REPAIR: git-lfs-smudge.html
[2026-05-30 17:26:19] REPAIR: git-lfs-standalone-file.html
[2026-05-30 17:26:20] REPAIR: git-lfs-status.html
[2026-05-30 17:26:20] REPAIR: git-lfs-track.html
[2026-05-30 17:26:20] REPAIR: git-lfs-uninstall.html
[2026-05-30 17:26:20] REPAIR: git-lfs-unlock.html
[2026-05-30 17:26:20] REPAIR: git-lfs-untrack.html
[2026-05-30 17:26:20] REPAIR: git-lfs-update.html
[2026-05-30 17:26:20] REPAIR: git-lfs.html
[2026-05-30 17:26:20] REPAIR: git-log.html
[2026-05-30 17:26:20] REPAIR: git-ls-files.html
[2026-05-30 17:26:20] REPAIR: git-ls-remote.html
[2026-05-30 17:26:21] REPAIR: git-ls-tree.html
[2026-05-30 17:26:21] APPROVED: git-mailinfo.html
[2026-05-30 17:26:21] APPROVED: git-mailsplit.html
[2026-05-30 17:26:21] APPROVED: git-maintenance.html
[2026-05-30 17:26:21] REPAIR: git-merge-base.html
[2026-05-30 17:26:21] REPAIR: git-merge-file.html
[2026-05-30 17:26:21] REPAIR: git-merge-index.html
[2026-05-30 17:26:22] REPAIR: git-merge-one-file.html
[2026-05-30 17:26:22] REPAIR: git-merge-tree.html
[2026-05-30 17:26:22] REPAIR: git-merge.html
[2026-05-30 17:26:23] REPAIR: git-mergetool--lib.html
[2026-05-30 17:26:23] REPAIR: git-mergetool.html
[2026-05-30 17:26:23] REPAIR: git-mktag.html
[2026-05-30 17:26:23] REPAIR: git-mktree.html
[2026-05-30 17:26:23] REPAIR: git-multi-pack-index.html
[2026-05-30 17:26:23] REPAIR: git-mv.html
[2026-05-30 17:26:23] REPAIR: git-name-rev.html
[2026-05-30 17:26:24] REPAIR: git-notes.html
[2026-05-30 17:26:24] REPAIR: git-pack-objects.html
[2026-05-30 17:26:24] REPAIR: git-pack-redundant.html
[2026-05-30 17:26:24] REPAIR: git-pack-refs.html
[2026-05-30 17:26:24] REPAIR: git-patch-id.html
[2026-05-30 17:26:24] REPAIR: git-prune-packed.html
[2026-05-30 17:26:24] REPAIR: git-prune.html
[2026-05-30 17:26:24] REPAIR: git-pull.html
[2026-05-30 17:26:25] REPAIR: git-push.html
[2026-05-30 17:26:25] REPAIR: git-quiltimport.html
[2026-05-30 17:26:25] REPAIR: git-range-diff.html
[2026-05-30 17:26:25] REPAIR: git-read-tree.html
[2026-05-30 17:26:26] REPAIR: git-rebase.html
[2026-05-30 17:26:26] REPAIR: git-receive-pack.html
[2026-05-30 17:26:26] REPAIR: git-reflog.html
[2026-05-30 17:26:26] REPAIR: git-refs.html
[2026-05-30 17:26:26] REPAIR: git-remote-ext.html
[2026-05-30 17:26:26] REPAIR: git-remote-fd.html
[2026-05-30 17:26:26] REPAIR: git-remote-helpers.html
[2026-05-30 17:26:26] REPAIR: git-remote.html
[2026-05-30 17:26:27] REPAIR: git-repack.html
[2026-05-30 17:26:27] REPAIR: git-replace.html
[2026-05-30 17:26:27] REPAIR: git-replay.html
[2026-05-30 17:26:27] REPAIR: git-repo.html
[2026-05-30 17:26:28] REPAIR: git-request-pull.html
[2026-05-30 17:26:28] REPAIR: git-rerere.html
[2026-05-30 17:26:28] REPAIR: git-reset.html
[2026-05-30 17:26:28] REPAIR: git-restore.html
[2026-05-30 17:26:28] REPAIR: git-rev-list.html
[2026-05-30 17:26:29] REPAIR: git-rev-parse.html
[2026-05-30 17:26:29] REPAIR: git-revert.html
[2026-05-30 17:26:29] REPAIR: git-rm.html
[2026-05-30 17:26:29] APPROVED: git-send-email.html
[2026-05-30 17:26:30] REPAIR: git-send-pack.html
[2026-05-30 17:26:30] REPAIR: git-sh-i18n--envsubst.html
[2026-05-30 17:26:30] REPAIR: git-sh-i18n.html
[2026-05-30 17:26:30] REPAIR: git-sh-setup.html
[2026-05-30 17:26:31] REPAIR: git-shell.html
[2026-05-30 17:26:31] REPAIR: git-shortlog.html
[2026-05-30 17:26:31] REPAIR: git-show-branch.html
[2026-05-30 17:26:31] REPAIR: git-show-index.html
[2026-05-30 17:26:31] REPAIR: git-show-ref.html
[2026-05-30 17:26:32] REPAIR: git-show.html
[2026-05-30 17:26:32] REPAIR: git-sparse-checkout.html
[2026-05-30 17:26:32] REPAIR: git-stage.html
[2026-05-30 17:26:32] REPAIR: git-stash.html
[2026-05-30 17:26:32] REPAIR: git-status.html
[2026-05-30 17:26:32] REPAIR: git-stripspace.html
[2026-05-30 17:26:32] REPAIR: git-submodule.html
[2026-05-30 17:26:32] REPAIR: git-subtree.html
[2026-05-30 17:26:33] REPAIR: git-survey.html
[2026-05-30 17:26:33] REPAIR: git-svn.html
[2026-05-30 17:26:33] REPAIR: git-switch.html
[2026-05-30 17:26:33] REPAIR: git-symbolic-ref.html
[2026-05-30 17:26:33] REPAIR: git-tag.html
[2026-05-30 17:26:33] REPAIR: git-tools.html
[2026-05-30 17:26:34] REPAIR: git-unpack-file.html
[2026-05-30 17:26:34] REPAIR: git-unpack-objects.html
[2026-05-30 17:26:34] REPAIR: git-update-index.html
[2026-05-30 17:26:34] REPAIR: git-update-ref.html
[2026-05-30 17:26:35] REPAIR: git-update-server-info.html
[2026-05-30 17:26:35] REPAIR: git-upload-archive.html
[2026-05-30 17:26:35] REPAIR: git-upload-pack.html
[2026-05-30 17:26:35] REPAIR: git-var.html
[2026-05-30 17:26:35] REPAIR: git-verify-commit.html
[2026-05-30 17:26:36] REPAIR: git-verify-pack.html
[2026-05-30 17:26:36] REPAIR: git-verify-tag.html
[2026-05-30 17:26:36] REPAIR: git-version.html
[2026-05-30 17:26:36] REPAIR: git-web--browse.html
[2026-05-30 17:26:37] REPAIR: git-whatchanged.html
[2026-05-30 17:26:37] REPAIR: git-worktree.html
[2026-05-30 17:26:37] REPAIR: git-write-tree.html
[2026-05-30 17:26:38] REPAIR: git.html
[2026-05-30 17:26:38] REPAIR: gitattributes.html
[2026-05-30 17:26:38] REPAIR: gitcli.html
[2026-05-30 17:26:38] REPAIR: gitcore-tutorial.html
[2026-05-30 17:26:38] REPAIR: gitcredentials.html
[2026-05-30 17:26:39] REPAIR: gitdatamodel.html
[2026-05-30 17:26:39] REPAIR: gitdiffcore.html
[2026-05-30 17:26:39] REPAIR: giteveryday.html
[2026-05-30 17:26:39] REPAIR: gitfaq.html
[2026-05-30 17:26:39] REPAIR: gitformat-bundle.html
[2026-05-30 17:26:39] REPAIR: gitformat-chunk.html
[2026-05-30 17:26:39] REPAIR: gitformat-commit-graph.html
[2026-05-30 17:26:40] REPAIR: gitformat-index.html
[2026-05-30 17:26:40] REPAIR: gitformat-loose.html
[2026-05-30 17:26:40] REPAIR: gitformat-pack.html
[2026-05-30 17:26:41] REPAIR: gitformat-signature.html
[2026-05-30 17:26:41] REPAIR: gitglossary.html
[2026-05-30 17:26:42] REPAIR: githooks.html
[2026-05-30 17:26:42] REPAIR: gitignore.html
[2026-05-30 17:26:42] REPAIR: gitk.html
[2026-05-30 17:26:42] APPROVED: gitmailmap.html
[2026-05-30 17:26:42] REPAIR: gitmodules.html
[2026-05-30 17:26:42] REPAIR: gitnamespaces.html
[2026-05-30 17:26:42] REPAIR: gitpacking.html
[2026-05-30 17:26:42] REPAIR: gitprotocol-capabilities.html
[2026-05-30 17:26:43] REPAIR: gitprotocol-common.html
[2026-05-30 17:26:43] REPAIR: gitprotocol-http.html
[2026-05-30 17:26:43] REPAIR: gitprotocol-pack.html
[2026-05-30 17:26:43] REPAIR: gitprotocol-v2.html
[2026-05-30 17:26:43] REPAIR: gitremote-helpers.html
[2026-05-30 17:26:44] REPAIR: gitrepository-layout.html
[2026-05-30 17:26:44] REPAIR: gitrevisions.html
[2026-05-30 17:26:44] REPAIR: gitsubmodules.html
[2026-05-30 17:26:44] REPAIR: gittutorial-2.html
[2026-05-30 17:26:44] REPAIR: gittutorial.html
[2026-05-30 17:26:44] REPAIR: gitworkflows.html
[2026-05-30 17:26:45] REPAIR: globals.html
[2026-05-30 17:26:48] REPAIR: hash-function-transition.html
[2026-05-30 17:26:49] REPAIR: help.html
[2026-05-30 17:26:49] REPAIR: howto-index.html
[2026-05-30 17:26:51] REPAIR: index_8h.html
[2026-05-30 17:26:55] REPAIR: index__hash_8h.html
[2026-05-30 17:27:06] REPAIR: keep-canonical-history-correct.html
[2026-05-30 17:27:06] REPAIR: large-object-promisors.html
[2026-05-30 17:27:10] REPAIR: long-running-process-protocol.html
[2026-05-30 17:27:10] REPAIR: lzma12_8h.html
[2026-05-30 17:27:12] APPROVED: maintain-git.html
[2026-05-30 17:27:15] REPAIR: manual.html
[2026-05-30 17:27:17] REPAIR: multi-pack-index.html
[2026-05-30 17:27:17] REPAIR: MyFirstContribution.html
[2026-05-30 17:27:17] REPAIR: MyFirstObjectWalk.html
[2026-05-30 17:27:17] REPAIR: new-command.html
[2026-05-30 17:27:25] REPAIR: Otimização Judicial com Séries Temporais.html
[2026-05-30 17:27:25] REPAIR: p11-kit-Deprecated.html
[2026-05-30 17:27:25] REPAIR: p11-kit-Future.html
[2026-05-30 17:27:25] REPAIR: p11-kit-Modules.html
[2026-05-30 17:27:25] REPAIR: p11-kit-PIN-Callbacks.html
[2026-05-30 17:27:25] REPAIR: p11-kit-URIs.html
[2026-05-30 17:27:26] REPAIR: p11-kit.html
[2026-05-30 17:27:26] REPAIR: pack-heuristics.html
[2026-05-30 17:27:26] REPAIR: packfile-uri.html
[2026-05-30 17:27:27] REPAIR: parallel-checkout.html
[2026-05-30 17:27:27] REPAIR: partial-clone.html
[2026-05-30 17:27:27] REPAIR: platform-support.html
[2026-05-30 17:27:33] REPAIR: racy-git.html
[2026-05-30 17:27:33] REPAIR: rebase-from-internal-branch.html
[2026-05-30 17:27:34] REPAIR: rebuild-from-update-hook.html
[2026-05-30 17:27:34] REPAIR: recover-corrupted-blob-object.html
[2026-05-30 17:27:34] REPAIR: recover-corrupted-object-harder.html
[2026-05-30 17:27:34] REPAIR: reference.html
[2026-05-30 17:27:34] REPAIR: reftable.html
[2026-05-30 17:27:35] REPAIR: remembering-renames.html
[2026-05-30 17:27:35] REPAIR: repository-version.html
[2026-05-30 17:27:35] REPAIR: rerere.html
[2026-05-30 17:27:35] REPAIR: revert-a-faulty-merge.html
[2026-05-30 17:27:35] REPAIR: revert-branch-rebase.html
[2026-05-30 17:27:36] REPAIR: ReviewingGuidelines.html
[2026-05-30 17:27:37] REPAIR: scalar.html
[2026-05-30 17:27:37] REPAIR: scalar__dup1.html
[2026-05-30 17:27:38] REPAIR: send-pack-pipeline.html
[2026-05-30 17:27:38] REPAIR: separating-topic-branches.html
[2026-05-30 17:27:39] REPAIR: setup-git-server-over-http.html
[2026-05-30 17:27:39] REPAIR: shallow.html
[2026-05-30 17:27:39] REPAIR: sparse-checkout.html
[2026-05-30 17:27:39] REPAIR: sparse-index.html
[2026-05-30 17:27:40] REPAIR: stream__flags_8h.html
[2026-05-30 17:27:40] REPAIR: structlzma__block.html
[2026-05-30 17:27:41] REPAIR: structlzma__index__iter.html
[2026-05-30 17:27:42] REPAIR: structlzma__options__lzma.html
[2026-05-30 17:27:43] REPAIR: SubmittingPatches.html
[2026-05-30 17:27:43] REPAIR: ToolsForGit.html
[2026-05-30 17:27:44] REPAIR: trivial-merge.html
[2026-05-30 17:27:44] REPAIR: unambiguous-types.html
[2026-05-30 17:27:44] REPAIR: update-hook-example.html
[2026-05-30 17:27:44] REPAIR: use-git-daemon.html
[2026-05-30 17:27:44] REPAIR: user-manual.html
[2026-05-30 17:27:45] REPAIR: using-merge-subtree.html
[2026-05-30 17:27:45] REPAIR: using-signed-tag-in-pull-request.html
[2026-05-30 17:27:45] REPAIR: version_8h.html
[2026-05-30 17:27:45] REPAIR: vli_8h.html
[2026-05-30 17:27:46] REPAIR: xref-launch_regulus.html
[2026-05-30 17:27:50] REPAIR: 000C4180FC16BFD67C3F5875FE5C00C2_git-http-push.html
[2026-05-30 17:27:50] REPAIR: 02369438ED90BB5A90CAD90EF3CC0C8A_git-filter-branch.html
[2026-05-30 17:27:50] REPAIR: 02912BAA7A4026D8BCD46CA186C97614_gitrevisions.html
[2026-05-30 17:27:50] REPAIR: 033A4D55E73B840731FC00820516C608_git-rev-parse.html
[2026-05-30 17:27:50] REPAIR: 0491B30947A21F324ACDBC3DA9F520CB_user-manual.html
[2026-05-30 17:27:50] REPAIR: 04E9F45E8304D27F11A660CFD87185DC_git-reflog.html
[2026-05-30 17:27:50] REPAIR: 070C1173A395297C6E47A50CE921EC73_shallow.html
[2026-05-30 17:27:50] REPAIR: 0832BA91694A26654609CB58527065D3_git-write-tree.html
[2026-05-30 17:27:50] REPAIR: 09134D015EFE1110C49E5CAA42A51A7A_help.html
[2026-05-30 17:27:50] REPAIR: 09925F435488ABDE1B1399CB8A4EE255_git-verify-pack.html
[2026-05-30 17:27:50] REPAIR: 09941EC3A02B933573C1212739D9FC91_git-fetch-pack.html
[2026-05-30 17:27:50] REPAIR: 09C17DAD9EA57A17857F1F4474B2764B_git-merge-index.html
[2026-05-30 17:27:51] REPAIR: 0A00EBF60F412DB499FAF047F45D97F2_reference.html
[2026-05-30 17:27:51] REPAIR: 0B7C5D1667CD722AE89C0BF26C2C3BDA_git-lfs-track.html
[2026-05-30 17:27:51] REPAIR: 0CC7CF706B53142266C0FEFDEB402358_bundle-uri.html
[2026-05-30 17:27:51] REPAIR: 0CF43461A7A8CA757A515970E757BD02_sparse-index.html
[2026-05-30 17:27:51] REPAIR: 0D0FB085EE8D8312A26C07B27C549A7A_p11-kit.html
[2026-05-30 17:27:51] REPAIR: 0D885607B1E5B76C338274D064CB432E_git-diff-files.html
[2026-05-30 17:27:51] REPAIR: 0E10374EDCCAF302E16EFF6936977147_git-diff-index.html
[2026-05-30 17:27:51] REPAIR: 0E14D94919052CC02CBEFF997ECC9B11_git-count-objects.html
[2026-05-30 17:27:51] REPAIR: 0E1DDD5872FC204D242912846B976731_git-submodule.html
[2026-05-30 17:27:51] REPAIR: 0F18D1D9A7E139E59CC5C9CD10C29F40_version_8h.html
[2026-05-30 17:27:51] REPAIR: 0FB6D3BE5636AEC8684FC9CD8D4180E6_git-fast-export.html
[2026-05-30 17:27:51] REPAIR: 0FD19DC716A42043E8DB9289CE38CCD9_git-difftool.html
[2026-05-30 17:27:51] REPAIR: 10C8889AFFD9675317C28F8DB971DE44_git-merge-one-file.html
[2026-05-30 17:27:51] REPAIR: 10DF2D19411D2B9930CF2EF328DC6506_gitsubmodules.html
[2026-05-30 17:27:51] REPAIR: 112972EBC83E8BC505210ED8C9E17D62_git-lfs-completion.html
[2026-05-30 17:27:51] REPAIR: 11BC10B2A873FAA0384DBA3F29551C95_hash-function-transition.html
[2026-05-30 17:27:51] REPAIR: 13B7221C53BF60274C4E34DEE3CBEE4A_git-subtree.html
[2026-05-30 17:27:51] REPAIR: 14ED8F3C5B400A202E55BB43045D1A87_git-lfs-logs.html
[2026-05-30 17:27:51] REPAIR: 15B82D8166D26A6AC703C5562BBDA5F8_directory-rename-detection.html
[2026-05-30 17:27:52] REPAIR: 176BCBD09F25E1C7703D598C8F425DA1_lzma12_8h.html
[2026-05-30 17:27:52] REPAIR: 177FDAAD1FE622783075789FB16B168E_index.html.html
[2026-05-30 17:27:52] REPAIR: 19DD0C64CD98A2000D1D0D7EB7F09800_ToolsForGit.html
[2026-05-30 17:27:52] REPAIR: 1AEE413FB394D4E78C69AF2CDA63C293_structlzma__block.html
[2026-05-30 17:27:52] REPAIR: 1CCDDEF5CAF41CD94B1A19305E2C2CD5_git-get-tar-commit-id.html
[2026-05-30 17:27:52] REPAIR: 1CD84239CBB995085AF69985C48C1709_gitprotocol-common.html
[2026-05-30 17:27:52] REPAIR: 1D87CFA07016AF867DF1FDB8D5FE8066_git-cat-file.html
[2026-05-30 17:27:52] REPAIR: 1F79A22C30087E4328DB70FA6EF68D15_gitdatamodel.html
[2026-05-30 17:27:52] REPAIR: 1FAF7D738C0EDFB4E033FCC04373856D_gitprotocol-v2.html
[2026-05-30 17:27:52] REPAIR: 204CAAD4DF4811026AD1FBD5D5C434B5_git-lfs-pre-push.html
[2026-05-30 17:27:53] REPAIR: 205ECD95528CDF3885BF33BF4E185B3F_git-commit.html
[2026-05-30 17:27:53] REPAIR: 207B3D6E8897C255EFBD61499A5F53A2_git-archive.html
[2026-05-30 17:27:53] REPAIR: 20CAD4F55866DA15B04EE2006B116F0A_git-pull.html
[2026-05-30 17:27:53] REPAIR: 22641CB9A46B414F1FBCE98CC2590F17_git-am.html
[2026-05-30 17:27:53] REPAIR: 2282A76C52549630F59500CF05E7FBA7_git-bundle.html
[2026-05-30 17:27:53] REPAIR: 23CD4A5A27778026BACDEFBA71D3F885_git-branch.html
[2026-05-30 17:27:53] REPAIR: 2401B11944B66679349750657EB1252B_git-lfs-pointer.html
[2026-05-30 17:27:53] REPAIR: 257C2C555886A45E55D26046FC50D4FE_git-index-pack.html
[2026-05-30 17:27:53] REPAIR: 26789DCC4E48B28C94385CC168A2C7C3_howto-index.html
[2026-05-30 17:27:53] REPAIR: 27DDD10B509B283A07A44631529D9C9E_gitdiffcore.html
[2026-05-30 17:27:53] REPAIR: 287B7D01E3A4039C53DFBABCEB0EB8CF_ReviewingGuidelines.html
[2026-05-30 17:27:53] REPAIR: 28CE11A766AAAB7DF75D1D12ED8FFE46_gitformat-index.html
[2026-05-30 17:27:53] REPAIR: 29574AFA7122A44F1ADDE57A853EAE86_separating-topic-branches.html
[2026-05-30 17:27:53] REPAIR: 295B1D83D99CFDECAE9469D22BC34C2E_git-lfs-prune.html
[2026-05-30 17:27:53] REPAIR: 2AF3D00233629D5737273801813CDEE4_gitpacking.html
[2026-05-30 17:27:53] REPAIR: 2B5529A3CE6974AA7D930EDD0A3F1E18_gitformat-pack.html
[2026-05-30 17:27:54] APPROVED: 2C7573D93B100C373A9CFDC8DBE173A6_gitmailmap.html
[2026-05-30 17:27:54] REPAIR: 2CCA62C88E3F72AB2DE08962201DC0C2_git-bisect-lk2009.html
[2026-05-30 17:27:54] REPAIR: 2CEBE94BA2FCA1614BF00F0F778DBDE8_MyFirstObjectWalk.html
[2026-05-30 17:27:54] REPAIR: 2D479398BB082D8F1A69200CBCC2F20A_git-fmt-merge-msg.html
[2026-05-30 17:27:54] REPAIR: 2DA8194F21D5BE8802EC5F668C84D0DF_git-lfs-locks.html
[2026-05-30 17:27:54] REPAIR: 2E844270323A72B4F7B73041B52FF9B1_git-lfs-lock.html
[2026-05-30 17:27:54] REPAIR: 2EBB62661632347489687C16A6EDE016_base_8h.html
[2026-05-30 17:27:54] REPAIR: 2F11841D8CB8114CC88ED9C5F8947C7B_git-mktag.html
[2026-05-30 17:27:54] REPAIR: 2FC1ACE175ECFAF9BBDAF158D7DE08CC_rebuild-from-update-hook.html
[2026-05-30 17:27:54] REPAIR: 30898CC80834A61F1CCCD2FE501CB35A_git-cherry-pick.html
[2026-05-30 17:27:54] REPAIR: 338F67E75D1FE25DF72D3EF01AE5B87D_git-survey.html
[2026-05-30 17:27:54] REPAIR: 344A502B991B694DE5292EEEE342E99E_git-sh-setup.html
[2026-05-30 17:27:54] REPAIR: 34D655FC3DA93EF16F8B060F41C73F62_git-fsck-objects.html
[2026-05-30 17:27:54] REPAIR: 3514B96BDAE63E1B99979C443F86B5D0_giteveryday.html
[2026-05-30 17:27:55] REPAIR: 3567A1B9457035493E5A0DB80ECBE19B_api-trace2.html
[2026-05-30 17:27:55] REPAIR: 35D0FA0DD422628855C8D4FCB5781E78_git-var.html
[2026-05-30 17:27:55] APPROVED: 3652FBA8B27D9661882D7076493FC84B_git-send-email.html
[2026-05-30 17:27:55] REPAIR: 3968C850586C3E55213EF49FAA9E4454_git-lfs-smudge.html
[2026-05-30 17:27:55] REPAIR: 3BCA03105F625EE380D8468311301C47_git-revert.html
[2026-05-30 17:27:55] REPAIR: 3BFF77DC4C4EB83C7D38736E99E06952_git-http-backend.html
[2026-05-30 17:27:55] APPROVED: 3D2ADC3D859B2287A4039EBD52E99C95_git-mailinfo.html
[2026-05-30 17:27:56] REPAIR: 3E00F9012B4248F5DC6D6FC8676B5705_git-fast-import.html
[2026-05-30 17:27:56] REPAIR: 3E3DB1E0DEB5763EB305DBA543675D41_bitmap-format.html
[2026-05-30 17:27:56] REPAIR: 3E7872E478A3630971D7F4B6DF6F9C87_git-merge-file.html
[2026-05-30 17:27:56] REPAIR: 3EDEFD576439C301BAF026F3DD50652C_git-config.html
[2026-05-30 17:27:56] REPAIR: 40135774ED71C1C4148B2381D6EB2B59_git-merge-base.html
[2026-05-30 17:27:56] REPAIR: 403F3067756AEC458332EC58AB4DB0A8_build-systems.html
[2026-05-30 17:27:56] REPAIR: 40E683199CFB3DDA86CBBD89FCD747F7_structlzma__index__iter.html
[2026-05-30 17:27:56] REPAIR: 42B721497E14D0D592B129CA15A4788C_gitattributes.html
[2026-05-30 17:27:56] REPAIR: 4360515BED7EDC4BC6D8FEF0B0576F63_git-check-ref-format.html
[2026-05-30 17:27:57] REPAIR: 439945C117E92E0AFF51EEBAFE04BDA7_index__hash_8h.html
[2026-05-30 17:27:57] APPROVED: 446B292503EE4CF5A8FC84060261041A_git-maintenance.html
[2026-05-30 17:27:57] REPAIR: 45D45BCC709F5BE82D23E2DDF555BADD_git-blame.html
[2026-05-30 17:27:57] REPAIR: 479F219CA8FA124A0F7F79AE8D1AB0EC_git-worktree.html
[2026-05-30 17:27:57] REPAIR: 47CDE12956469354A36E3C69DE34B99C_gitworkflows.html
[2026-05-30 17:27:57] REPAIR: 485EDFAFD0E3847E3237D76F68534F6E_git-rebase.html
[2026-05-30 17:27:57] REPAIR: 48A36F54087187146796ABFFE0C3EBC2_git-bisect.html
[2026-05-30 17:28:04] REPAIR: 4A2C19FE715DAA1F45201ACC76BE79D6_button.html
[2026-05-30 17:28:04] REPAIR: 4BEB429E3065EF63B1ADFA2251794F2A_git-stash.html
[2026-05-30 17:28:05] REPAIR: 4C6E0B2B41FC4E63871671632D740EFB_git-credential-cache--daemon.html
[2026-05-30 17:28:05] REPAIR: 4C983D79F36F82D8D60FC06419AD0299_commit-graph.html
[2026-05-30 17:28:05] REPAIR: 4D3B787904991FEE50D44D58EF1AAC0E_git-lfs-post-merge.html
[2026-05-30 17:28:05] REPAIR: 4DFA373175F5BF486B73A0F793ED538C_git-whatchanged.html
[2026-05-30 17:28:05] REPAIR: 4E84C1159114E25163476ED46D16189F_git-prune.html
[2026-05-30 17:28:06] REPAIR: 4F0306111BEAD4E43B05375B53221551_p11-kit-URIs.html
[2026-05-30 17:28:06] REPAIR: 4F720422033F3420C6CA853A72D48FBE_git-ls-tree.html
[2026-05-30 17:28:06] REPAIR: 4FFC0DF7324B1F5F4576F88A2ECD265A_long-running-process-protocol.html
[2026-05-30 17:28:06] REPAIR: 508A3AA5EB59907AED47994125D30C5E_git-http-fetch.html
[2026-05-30 17:28:06] REPAIR: 50971DE9B019ED1614DB09068E5ADEA2_stream__flags_8h.html
[2026-05-30 17:28:07] REPAIR: 51003FEC9D48B58F64DAE9622A938E36_git-request-pull.html
[2026-05-30 17:28:07] REPAIR: 51CFD6301C1C9B9DC02019904714097A_git-pack-refs.html
[2026-05-30 17:28:07] REPAIR: 537AF001E6C641ED27954D00F8786449_git-log.html
[2026-05-30 17:28:07] REPAIR: 54F0B2D1F6952673A90F38ADD194C878_api-error-handling.html
[2026-05-30 17:28:07] REPAIR: 565A3E4D7E910D687D4FAFD22B368B22_git-shortlog.html
[2026-05-30 17:28:07] REPAIR: 566750A2DAB7C8CDCBD623790FA992D7_gitcredentials.html
[2026-05-30 17:28:07] REPAIR: 56ECAF9312865E790B433B3504A4EAA7_DecisionMaking.html
[2026-05-30 17:28:07] REPAIR: 589D71F775C6CC1A5D1C494EAC838F2B_git-checkout.html
[2026-05-30 17:28:07] REPAIR: 589FAC80F1052D7ABA72CDA28CFDB86B_git-lfs-update.html
[2026-05-30 17:28:07] REPAIR: 5932F6989D3A7553C17BBB33C47F4C60_racy-git.html
[2026-05-30 17:28:07] REPAIR: 59B724D3692C746306843751F1F34C2B_git-lfs-env.html
[2026-05-30 17:28:08] REPAIR: 59C3E1588C3319FD2C52785CD7C277A8_packfile-uri.html
[2026-05-30 17:28:08] REPAIR: 59E7020F3A3201469753B71BD398C4CA_gittutorial-2.html
[2026-05-30 17:28:08] REPAIR: 5A1A14B853A09299988E0C9E57F6B5F6_git-credential.html
[2026-05-30 17:28:08] REPAIR: 5B9EED782EAB7FB98C8975BE3E50DDC5_git-send-pack.html
[2026-05-30 17:28:08] REPAIR: 5C0B596DDE7803E74F0E977B05A1B34F_revert-branch-rebase.html
[2026-05-30 17:28:08] REPAIR: 5C34600A96296A8839781CB3B1BF2E9D_git-last-modified.html
[2026-05-30 17:28:08] REPAIR: 5E42B0E6AB2C94464F9803C1BFF735B6_git-multi-pack-index.html
[2026-05-30 17:28:08] REPAIR: 5EB9B88CE615AA83031C3DCDC25AF62D_git-check-attr.html
[2026-05-30 17:28:08] REPAIR: 5ECE43F1CB07EE9C0F4D216F2CC81E5E_manual.html
[2026-05-30 17:28:08] REPAIR: 60E882CD11EA1D5538F2D2F024704B7C_git-reset.html
[2026-05-30 17:28:08] REPAIR: 612CA83A31861C08A8AA0A8A366B2D67_git-fsck.html
[2026-05-30 17:28:08] REPAIR: 6130DEAF3F1F4E5C0BEC330A5945306B_gittutorial.html
[2026-05-30 17:28:09] REPAIR: 6134DA0D8B8B7FCC7D6ED6926A224FF1_git-lfs-ext.html
[2026-05-30 17:28:09] REPAIR: 61B99378FE66E367F980E711D81A4D52_gitprotocol-http.html
[2026-05-30 17:28:09] REPAIR: 62E5B4D821CD6CED8566C64F7208CC67_git-remote-fd.html
[2026-05-30 17:28:09] REPAIR: 63BF1EE3FBD177E5CB91C9EE0FA35B2C_git.html
[2026-05-30 17:28:09] REPAIR: 63C69129F340B7F0D5BE3579D241E640_git-bash.html
[2026-05-30 17:28:09] REPAIR: 63EA4BEBD362EAFCA9770A27D273FD1E_git-patch-id.html
[2026-05-30 17:28:09] REPAIR: 6485E7E56D7EADC808D4B1D170821E09_git-lfs-filter-process.html
[2026-05-30 17:28:09] REPAIR: 6495C11E8B2B9D7978BB2E2CE77F54A1_git-stripspace.html
[2026-05-30 17:28:09] REPAIR: 64BF4870A415088FD9091B2311EC2E6B_git-switch.html
[2026-05-30 17:28:09] REPAIR: 6609E80025670C3B138B6BC95D9AC0D3_git-sh-i18n--envsubst.html
[2026-05-30 17:28:09] REPAIR: 6670AE9F5422785A16374C2CB6B2CBF8_git-gc.html
[2026-05-30 17:28:09] REPAIR: 66C4538FCD31379062F42001C25D739B_git-apply.html
[2026-05-30 17:28:09] REPAIR: 673CD12251EF7C8C754F53E16F83784A_git-credential-cache.html
[2026-05-30 17:28:09] REPAIR: 674A0EB909749BB9A0C3B6B04249EBCB_git-hook.html
[2026-05-30 17:28:09] REPAIR: 6A4B419DCA0826C0DED0490FE43498B9_bcj_8h.html
[2026-05-30 17:28:09] REPAIR: 6A9C8A82E2BE039AA969CDE3704B107F_git-fetch.html
[2026-05-30 17:28:09] REPAIR: 6B8BD2F20F7E896AC7EF2A30E5943B49_scalar.html
[2026-05-30 17:28:09] REPAIR: 6CB985CA9DEAE882326DC4B66BF0E732_git-sh-i18n.html
[2026-05-30 17:28:09] REPAIR: 6DD39D0F4653F4EAA56D17EF7285C3DA_git-name-rev.html
[2026-05-30 17:28:09] REPAIR: 6EE18C3AE503698E744DA4569479F63A_git-add.html
[2026-05-30 17:28:09] REPAIR: 702799CC525C6A47B10CB72DA3BD7703_git-rev-list.html
[2026-05-30 17:28:09] REPAIR: 70ABAE6C5FB99CB18FF681C993F395BC_git-clone.html
[2026-05-30 17:28:09] REPAIR: 70B41FBDE513C4429CB2E63D910420CD_git-lfs-standalone-file.html
[2026-05-30 17:28:10] REPAIR: 731810E4DE8A71F5D7AFBC5953846B65_git-upload-archive.html
[2026-05-30 17:28:10] REPAIR: 767D94BBB4AC884B0F4F7CBEF0F227CE_git-replay.html
[2026-05-30 17:28:10] REPAIR: 77466AE44B968CC954BD8BE64A53795C_git-verify-tag.html
[2026-05-30 17:28:10] REPAIR: 7914A53BE08CDEDE9845606C8D992F38_git-mergetool.html
[2026-05-30 17:28:10] REPAIR: 79D232702356E9C36452934FF9FAE4AE_git-fsmonitor--daemon.html
[2026-05-30 17:28:10] REPAIR: 7A0CC3E8EE15669A854F9F63097E54ED_gitk.html
[2026-05-30 17:28:10] REPAIR: 7AAE6D1472214C3C0B02F7620441007C_index_8h.html
[2026-05-30 17:28:10] REPAIR: 7AB33209D9E3E4B41072C883A1A93853_git-annotate.html
[2026-05-30 17:28:10] REPAIR: 7BF8C6E0906CD98A3C5EDA1EB77B5E05_git-daemon.html
[2026-05-30 17:28:10] REPAIR: 7E8FFBF735EFAEC1043E0AE150143BF1_remembering-renames.html
[2026-05-30 17:28:10] REPAIR: 7FEBB382C18614EC2EE4971A17BEBDFB_git-for-each-repo.html
[2026-05-30 17:28:10] REPAIR: 807B7737AA0968D11F52411AAAF61445_git-column.html
[2026-05-30 17:28:10] APPROVED: 80B5729BA4D5C70CA2B6B1AF00232F08_git-diff-pairs.html
[2026-05-30 17:28:10] REPAIR: 823E2EC6528562189F63EEDBA71C096D_git-imap-send.html
[2026-05-30 17:28:12] REPAIR: 83518560F318358D598AFD67B46C1374_git-lfs-migrate.html
[2026-05-30 17:28:12] REPAIR: 83D468AACA4EC7FDCB70C84A133B3284_git-lfs-dedup.html
[2026-05-30 17:28:12] REPAIR: 8608699353B8146C8B14673883450045_git-update-ref.html
[2026-05-30 17:28:12] REPAIR: 86D9656BE786DEF6129BFC9086353384_git-format-patch.html
[2026-05-30 17:28:12] REPAIR: 87C5F91117BC3C9A5B723B3C67302880_rerere.html
[2026-05-30 17:28:12] REPAIR: 89563001B99CDDF27E292ED46A71B287_api-simple-ipc.html
[2026-05-30 17:28:12] REPAIR: 8A0B1AB19BD2FBD3E4A201A565CF060D_git-receive-pack.html
[2026-05-30 17:28:12] REPAIR: 8A6BBDAFCC21D160C0F6DE4A2D55C863_git-lfs-checkout.html
[2026-05-30 17:28:12] REPAIR: 8B12A0E544BCED24A34BF73F0A57E6E0_reftable.html
[2026-05-30 17:28:12] REPAIR: 8BAA7D8C88B8F07FB5D172E814A3F37C_git-restore.html
[2026-05-30 17:28:12] REPAIR: 8BBA47A3B74EF62E7416FA77EE6F364D_large-object-promisors.html
[2026-05-30 17:28:12] REPAIR: 8BE0445F8AD07AF28018956F57FA74FA_using-signed-tag-in-pull-request.html
[2026-05-30 17:28:12] REPAIR: 8C0ED2699FE39B1D95394AA0F84CEDCD_git-repo.html
[2026-05-30 17:28:12] REPAIR: 8CFF9C482FA366C319D7F4F7BEC21EFC_git-unpack-objects.html
[2026-05-30 17:28:12] REPAIR: 8F2928BFE79C19EF97F438197B6BDA8A_update-hook-example.html
[2026-05-30 17:28:12] REPAIR: 8F5A0E476B46B117556724D579EABBC7_sparse-checkout.html
[2026-05-30 17:28:13] APPROVED: 9354AA7DC038D07C6E4094E31F4B6D9D_git-interpret-trailers.html
[2026-05-30 17:28:13] REPAIR: 938E07686243B9D904AFB99D12282D74_git-read-tree.html
[2026-05-30 17:28:13] REPAIR: 93FF979E8F9E1E5F181D61B17D88B515_git-show-ref.html
[2026-05-30 17:28:13] REPAIR: 944038E8AEEB9513B1208DF5E9DFF1CD_git-pack-redundant.html
[2026-05-30 17:28:13] REPAIR: 95A9F632B628CC29EF2402D8DDF24A02_parallel-checkout.html
[2026-05-30 17:28:13] REPAIR: 963E9BF0358EF37059B18937B129BD45_git-lfs-post-checkout.html
[2026-05-30 17:28:13] REPAIR: 97FA607851037B17D0AC9662C346D31B_everyday.html
[2026-05-30 17:28:13] APPROVED: 9ADE8DBEAB00D6B9FB7480CCBB01DFC0_git-mailsplit.html
[2026-05-30 17:28:13] REPAIR: 9B76A6CCF7D45B75EC9A4591935FA1D1_git-range-diff.html
[2026-05-30 17:28:13] REPAIR: 9C4C8A9525EE3E0AE5C58C7943EA9A2C_git-stage.html
[2026-05-30 17:28:13] REPAIR: 9C7BE643329D84A12B8A180BF8F0A575_check_8h.html
[2026-05-30 17:28:14] REPAIR: 9D34795414BA346EF5C6702D392E7D08_git-version.html
[2026-05-30 17:28:14] REPAIR: 9ECD3A656E59DDBCC196D0F6F579369B_git-describe.html
[2026-05-30 17:28:14] REPAIR: 9F9765AEAD2FFD43B4F6D376C562C742_recover-corrupted-object-harder.html
[2026-05-30 17:28:14] REPAIR: 9FF4A038049CC64A216A04D0C0B84068_git-backfill.html
[2026-05-30 17:28:14] REPAIR: A0A6F2B92D9A9AE60843A822E32E0E8D_p11-kit-Deprecated.html
[2026-05-30 17:28:14] REPAIR: A0C287138F050D448281446340020D73_git-mv.html
[2026-05-30 17:28:14] REPAIR: A100225681AD93D199FC75145E2E5D61_git-remote.html
[2026-05-30 17:28:14] REPAIR: A169D5858429B3BEF1C92A2D3BA3ACD0_git-upload-pack.html
[2026-05-30 17:28:14] REPAIR: A1C1C77E74F934C8C7F8B5A376767A7B_git-citool.html
[2026-05-30 17:28:14] REPAIR: A1EAF11723B58757A6EF8B2B71C81133_git-init-db.html
[2026-05-30 17:28:14] REPAIR: A22306D797D0DFF1884D5AB0129FC265_revert-a-faulty-merge.html
[2026-05-30 17:28:14] REPAIR: A22C789DD99A2ECD3C4A1EB8A4D8DB2E_git-remote-ext.html
[2026-05-30 17:28:14] REPAIR: A2336E12ACA232E11E2F3040D20B0B5E_platform-support.html
[2026-05-30 17:28:14] REPAIR: A266A95E418934214EEDC57A64CB78F4_git-update-index.html
[2026-05-30 17:28:14] REPAIR: A304529A2907593D562B36B73DF02E86_gitcli.html
[2026-05-30 17:28:14] REPAIR: A362BBB1CC104AC2DF01AD8A036F8CCC_git-show-branch.html
[2026-05-30 17:28:14] REPAIR: A4A94B3B657DE86BD0840C834678CAFF_git-verify-commit.html
[2026-05-30 17:28:15] REPAIR: A4B370E6693B653404E4C35CC43D95C5_git-mktree.html
[2026-05-30 17:28:15] REPAIR: A61DE8772846780E65FBE5069E215A33_unambiguous-types.html
[2026-05-30 17:28:15] REPAIR: A7339E7608AA8F7B0E0B1DD8EAAB1318_githooks.html
[2026-05-30 17:28:15] REPAIR: A7C598F36BE40AF77123793884B8A127_git-lfs-install.html
[2026-05-30 17:28:15] REPAIR: A8734ABAC6A92E328FD7591502385FAA_git-lfs-clean.html
[2026-05-30 17:28:15] REPAIR: A96677E9737EB55C02CE9313A06A5778_git-commit-graph.html
[2026-05-30 17:28:15] REPAIR: A970D2CB393E5CCE20F12B1E69B39244_git-ls-files.html
[2026-05-30 17:28:15] REPAIR: A9D3A2DD36F370EEF933A5C088563F5E_pack-heuristics.html
[2026-05-30 17:28:15] REPAIR: AA0645B0F5FFD680BC7BC47903AE712D_api-merge.html
[2026-05-30 17:28:15] REPAIR: AAA068FF61685DDE253CA0FD8DB9ECFD_gitrepository-layout.html
[2026-05-30 17:28:15] REPAIR: AB5B6641D590F9EE562FFDBD2795104D_git-credential-store.html
[2026-05-30 17:28:15] REPAIR: ABA2BF06877A3C6713633259D1E2943A_git-repack.html
[2026-05-30 17:28:15] REPAIR: ABAACBDA745535A469EB949DB6ED450F_coordinate-embargoed-releases.html
[2026-05-30 17:28:19] REPAIR: AC4D3DA8F25C743820DAAC7E7BDCDED8_git-lfs.html
[2026-05-30 17:28:19] REPAIR: AC55BAE8DB3FA00280121D8651778D45_trivial-merge.html
[2026-05-30 17:28:19] REPAIR: AFD1C873FF8E08B614A7FB76DAC597F1_gitglossary.html
[2026-05-30 17:28:19] REPAIR: AFF9C562DED05A5E8ABD755C11FDAD69_p11-kit-Future.html
[2026-05-30 17:28:20] REPAIR: api-index.html
[2026-05-30 17:28:20] REPAIR: api-parse-options.html
[2026-05-30 17:28:20] REPAIR: api-path-walk.html
[2026-05-30 17:28:21] REPAIR: B01FE98E7E915C82C1EDF731F757B19F_gitmodules.html
[2026-05-30 17:28:21] REPAIR: B0471BE3B2A8464818879556DCFBA5C6_git-symbolic-ref.html
[2026-05-30 17:28:23] APPROVED: B05869BEE0A5F107B10F5AC617E2D145_container_8h.html
[2026-05-30 17:28:23] REPAIR: B111DCBD5AB55E6B9B9560AA89CCD30C_git-check-ignore.html
[2026-05-30 17:28:23] REPAIR: B4BFA7E3F72101618F57EC83F1F641AC_git-show-index.html
[2026-05-30 17:28:23] REPAIR: B583B357AD9076DBCCF7518F911723A8_git-lfs-unlock.html
[2026-05-30 17:28:23] REPAIR: B75D36DE65FC2FE63D5AEF9D5F1ACAC0_gitformat-loose.html
[2026-05-30 17:28:23] REPAIR: B7E7F52DA880CE084D4BAEDFD35C01A2_recover-corrupted-blob-object.html
[2026-05-30 17:28:23] REPAIR: B95C5EE7B2CC0FFFCEA2CDD5BDADCA47_BreakingChanges.html
[2026-05-30 17:28:23] REPAIR: BA2B702F7E75C0B45817CD9D96CD30C9_git-instaweb.html
[2026-05-30 17:28:24] REPAIR: BA438433EED4B3647DD04F18ACBD0D30_filter_8h.html
[2026-05-30 17:28:24] REPAIR: BA536EE1AF4CC2C35AE8EB98A82DAC91_using-merge-subtree.html
[2026-05-30 17:28:24] REPAIR: BD85DF27009D69C0A9A58BFF55FE38BD_git-web--browse.html
[2026-05-30 17:28:24] REPAIR: BE031DE679C9542AE050E772673EC1AD_new-command.html
[2026-05-30 17:28:24] REPAIR: BE17B2E863353742DE6B09546940917D_git-rerere.html
[2026-05-30 17:28:24] REPAIR: BEF6C103D8F5FBABCEFF76AA006FA7D1_git-tools.html
[2026-05-30 17:28:24] REPAIR: block_8h.html
[2026-05-30 17:34:54] REPAIR: C0CD2E22C085C787565F6B305DA4F041_git-diagnose.html
[2026-05-30 17:34:58] REPAIR: C116118D15C7E8AD727D015EE9C8BEA3_gitcore-tutorial.html
[2026-05-30 17:34:58] REPAIR: C12272CECEDA5F91CB1D2B55F233A42C_git-svn.html
[2026-05-30 17:34:59] APPROVED: C28DAC01AFF7CFCEFBA205CBAFF4AA13_maintain-git.html
[2026-05-30 17:34:59] APPROVED: C302F1C501115D1387A3BA54A0BFE34D_git-check-mailmap.html
[2026-05-30 17:34:59] REPAIR: C389BD3B61289734401914BF356E9973_gitfaq.html
[2026-05-30 17:34:59] REPAIR: C3B9E866C897D42000CCE19BA8DAC3DE_git-lfs-pull.html
[2026-05-30 17:35:00] REPAIR: C4C6D647396066B992B123E39E77948D_keep-canonical-history-correct.html
[2026-05-30 17:35:00] REPAIR: C52BA917DCB80E02F2077233CA4040BA_git-remote-helpers.html
[2026-05-30 17:35:00] REPAIR: C7BEA5E8039E562A37C6314EFD87228D_git-pack-objects.html
[2026-05-30 17:35:00] REPAIR: C9F79E36853602446D11673D9EE78BED_multi-pack-index.html
[2026-05-30 17:35:00] REPAIR: CA3CA5468B62DD406F4B9F9ED4204B9A_git-lfs-push.html
[2026-05-30 17:35:00] REPAIR: CA5155B68DD4DF0AD8F966EA076B208C_git-lfs-merge-driver.html
[2026-05-30 17:35:01] REPAIR: CA53F4260D10E038D1627A63EADBECFF_git-diff-tree.html
[2026-05-30 17:35:02] REPAIR: CAF11829A7007236605C307607D958B8_git-lfs-untrack.html
[2026-05-30 17:35:03] REPAIR: CCA4FDB1DC63381319B9943A59377AA5_git-quiltimport.html
[2026-05-30 17:35:03] REPAIR: CFC1752D1141297E43FB96D7A1A47304_git-bugreport.html
[2026-05-30 17:35:15] REPAIR: D057C0008B17E705A7C5E4CA69990A5B_git-notes.html
[2026-05-30 17:35:16] REPAIR: D2D0AB81AAC216131531AB0846896F3A_git-sparse-checkout.html
[2026-05-30 17:35:16] REPAIR: D318CF781BB4EF120103E347AAB03045_git-init.html
[2026-05-30 17:35:16] REPAIR: D5AA8666D5420104A073AED6BC9DF7CD_gitformat-commit-graph.html
[2026-05-30 17:35:16] REPAIR: D5D6F5CF08DBE70164396E8A47CFC9BC_p11-kit-Modules.html
[2026-05-30 17:35:16] REPAIR: D68B279CA426149C4D55539F14508B39_use-git-daemon.html
[2026-05-30 17:35:16] REPAIR: D71B260802A35BF6E4E179361EBF5E93_repository-version.html
[2026-05-30 17:35:16] REPAIR: D7FE0ABA330D4F323F521CE83B48465E_git-refs.html
[2026-05-30 17:35:17] REPAIR: DA03F6E4BF6C3C09EFAE0DE7E4193A17_git-status.html
[2026-05-30 17:35:18] REPAIR: DBB4D27C9D024A172893AEDA696EAA4B_git-replace.html
[2026-05-30 17:35:18] REPAIR: DCB44D9B686546DAB282A79BA03A1D3E_send-pack-pipeline.html
[2026-05-30 17:35:19] REPAIR: DF287884FF1B1D57C80EACF889719CA8_git-for-each-ref.html
[2026-05-30 17:35:22] REPAIR: doxygen_crawl.html
[2026-05-30 17:35:22] REPAIR: E046685A9F1AC490A911719D1C6E0C11_gitformat-signature.html
[2026-05-30 17:35:22] REPAIR: E061773B25BA2D8DD808FF4D54143349_git-clean.html
[2026-05-30 17:35:22] REPAIR: E070905299D6BFF7C1BFD80DEE2A9150_MyFirstContribution.html
[2026-05-30 17:35:23] REPAIR: E21A3D31B8F5B4102D2313846A9ABF90_git-ls-remote.html
[2026-05-30 17:35:23] REPAIR: E2658B7CC9D06EDA7B246381B4BA12E8_git-lfs-ls-files.html
[2026-05-30 17:35:23] REPAIR: E3E87F50F69E19536E7D9FF634DCDF3C_git-help.html
[2026-05-30 17:35:23] REPAIR: E528398561D05A74C6D60DE62EF07522_git-prune-packed.html
[2026-05-30 17:35:23] REPAIR: E635A83CDD0845464032EA19CF4BBE10_scalar.html
[2026-05-30 17:35:23] REPAIR: E6BE4F97087A2EF8BAD0DD55C1569CC0_gitprotocol-capabilities.html
[2026-05-30 17:35:23] REPAIR: E71F82E6E8EE76573D74C2E7D397962E_git-checkout-index.html
[2026-05-30 17:35:23] REPAIR: E7610863A50F77374662A8F549EFDEA3_git-gui.html
[2026-05-30 17:35:23] REPAIR: E7CAC97796537B61BC2347B14E0CD52A_git-commit-tree.html
[2026-05-30 17:35:23] REPAIR: E8A6F48C7AFFEAB7C6DC916332B267A5_git-merge-tree.html
[2026-05-30 17:35:24] REPAIR: E97728ABF67F7A8432F5A8E1CFEC08F0_globals.html
[2026-05-30 17:35:24] REPAIR: EA5A3CB77A0D9A2E9740935AE5A19E53_git-unpack-file.html
[2026-05-30 17:35:24] REPAIR: EABA5AE114108A8F42EBEEF1EBE97DD5_git-update-server-info.html
[2026-05-30 17:35:24] REPAIR: EACE21D9C22082B14332923EDF967745_git-merge.html
[2026-05-30 17:35:24] REPAIR: EBBD96234A52A055FD0B4E48976F561C_partial-clone.html
[2026-05-30 17:35:24] REPAIR: EC0D42C620381DB0DB6642022E233024_git-lfs-fetch.html
[2026-05-30 17:35:24] REPAIR: ECB37F94187BFF4F1E488CBD932B230C_vli_8h.html
[2026-05-30 17:35:24] REPAIR: ECC9874B3FC8D388AEAF1E2B4BE3F702_gitignore.html
[2026-05-30 17:35:24] REPAIR: ECD44F8400A5C71A7C4E5D1F6E7FB161_git-shell.html
[2026-05-30 17:35:25] REPAIR: ED0B7D711E79C94F5B471458D4A084E8_git-hash-object.html
[2026-05-30 17:35:25] REPAIR: EE4D03E2BAAB2FCABD7CDB4A89461F70_gitprotocol-pack.html
[2026-05-30 17:35:25] REPAIR: EED1703C0C3866145384956FF0AF309B_p11-kit-PIN-Callbacks.html
[2026-05-30 17:35:25] REPAIR: EF2EDE4FB2EC61E75A8A36BF2DD6706E_git-rm.html
[2026-05-30 17:35:25] REPAIR: EF615C00B5CD51025E59FFC2602EB3A9_SubmittingPatches.html
[2026-05-30 17:35:25] REPAIR: EF65E492117F24F392E4F6AE2A1E767B_git-push.html
[2026-05-30 17:35:25] REPAIR: EF800A787841D54B82142C1F760ACCAC_api-path-walk.html
[2026-05-30 17:35:25] REPAIR: EFD774BEECB89A2C46C4738610FFB9E4_git-show.html
[2026-05-30 17:35:26] REPAIR: F0CD051BAB35F2A5F2E357F0997F5F09_setup-git-server-over-http.html
[2026-05-30 17:35:26] REPAIR: F6E716A78DBAB4FB48CCD681EBB5E6B1_git-tag.html
[2026-05-30 17:35:29] REPAIR: FC5927D203E81BF10D5B7D6B1D93799A_Otimização Judicial com Séries Temporais.html
[2026-05-30 17:35:29] REPAIR: FE339CC04679426F6D1FB288D8160548_gitnamespaces.html
[2026-05-30 17:35:29] REPAIR: FF16620411680009437A67CC61A765EA_gitremote-helpers.html
[2026-05-30 17:35:34] REPAIR: git-cherry.html
[2026-05-30 17:35:39] REPAIR: git-diff.html
[2026-05-30 17:35:41] REPAIR: git-grep.html
[2026-05-30 17:35:46] REPAIR: git-lfs-clone.html
[2026-05-30 17:35:46] REPAIR: git-lfs-fsck.html
[2026-05-30 17:35:49] REPAIR: git-lfs-post-commit.html
[2026-05-30 17:35:50] REPAIR: git-lfs-status.html
[2026-05-30 17:35:50] REPAIR: git-lfs-uninstall.html
[2026-05-30 17:35:53] REPAIR: git-rm.html
[2026-05-30 17:35:56] REPAIR: gitformat-bundle.html
[2026-05-30 17:35:56] REPAIR: gitformat-chunk.html
[2026-05-30 17:36:15] REPAIR: mapa_interior.html
[2026-05-30 17:36:33] REPAIR: rebase-from-internal-branch.html
[2026-05-30 17:36:41] REPAIR: structlzma__options__lzma.html
[2026-05-30 17:37:13] REPAIR: 4BDFD0B8CD4A4844518D329E756A032F_help.html
[2026-05-30 17:37:18] REPAIR: build-systems.html
[2026-05-30 17:45:30] REPAIR: git-credential-store.html
[2026-05-30 17:45:39] REPAIR: git-restore.html
[2026-05-30 17:47:07] VISUAL PROGRAMMING ENGINE FINALIZADO.
